Archive member included to satisfy reference by file (symbol)

e:/nueva carpeta/stm32cubeide_1.5.1/stm32cubeide/plugins/com.st.stm32cube.ide.mcu.externaltools.gnu-tools-for-stm32.7-2018-q2-update.win32_1.5.0.202011040924/tools/bin/../lib/gcc/arm-none-eabi/7.3.1/../../../../arm-none-eabi/lib/thumb/v7-m\libc_nano.a(lib_a-errno.o)
                              Core/Src/syscalls.o (__errno)
e:/nueva carpeta/stm32cubeide_1.5.1/stm32cubeide/plugins/com.st.stm32cube.ide.mcu.externaltools.gnu-tools-for-stm32.7-2018-q2-update.win32_1.5.0.202011040924/tools/bin/../lib/gcc/arm-none-eabi/7.3.1/../../../../arm-none-eabi/lib/thumb/v7-m\libc_nano.a(lib_a-exit.o)
                              e:/nueva carpeta/stm32cubeide_1.5.1/stm32cubeide/plugins/com.st.stm32cube.ide.mcu.externaltools.gnu-tools-for-stm32.7-2018-q2-update.win32_1.5.0.202011040924/tools/bin/../lib/gcc/arm-none-eabi/7.3.1/../../../../arm-none-eabi/lib/thumb/v7-m/crt0.o (exit)
e:/nueva carpeta/stm32cubeide_1.5.1/stm32cubeide/plugins/com.st.stm32cube.ide.mcu.externaltools.gnu-tools-for-stm32.7-2018-q2-update.win32_1.5.0.202011040924/tools/bin/../lib/gcc/arm-none-eabi/7.3.1/../../../../arm-none-eabi/lib/thumb/v7-m\libc_nano.a(lib_a-impure.o)
                              e:/nueva carpeta/stm32cubeide_1.5.1/stm32cubeide/plugins/com.st.stm32cube.ide.mcu.externaltools.gnu-tools-for-stm32.7-2018-q2-update.win32_1.5.0.202011040924/tools/bin/../lib/gcc/arm-none-eabi/7.3.1/../../../../arm-none-eabi/lib/thumb/v7-m\libc_nano.a(lib_a-exit.o) (_global_impure_ptr)
e:/nueva carpeta/stm32cubeide_1.5.1/stm32cubeide/plugins/com.st.stm32cube.ide.mcu.externaltools.gnu-tools-for-stm32.7-2018-q2-update.win32_1.5.0.202011040924/tools/bin/../lib/gcc/arm-none-eabi/7.3.1/../../../../arm-none-eabi/lib/thumb/v7-m\libc_nano.a(lib_a-init.o)
                              e:/nueva carpeta/stm32cubeide_1.5.1/stm32cubeide/plugins/com.st.stm32cube.ide.mcu.externaltools.gnu-tools-for-stm32.7-2018-q2-update.win32_1.5.0.202011040924/tools/bin/../lib/gcc/arm-none-eabi/7.3.1/../../../../arm-none-eabi/lib/thumb/v7-m/crt0.o (__libc_init_array)
e:/nueva carpeta/stm32cubeide_1.5.1/stm32cubeide/plugins/com.st.stm32cube.ide.mcu.externaltools.gnu-tools-for-stm32.7-2018-q2-update.win32_1.5.0.202011040924/tools/bin/../lib/gcc/arm-none-eabi/7.3.1/../../../../arm-none-eabi/lib/thumb/v7-m\libc_nano.a(lib_a-memcpy-stub.o)
                              Middlewares/Third_Party/FreeRTOS/Source/queue.o (memcpy)
e:/nueva carpeta/stm32cubeide_1.5.1/stm32cubeide/plugins/com.st.stm32cube.ide.mcu.externaltools.gnu-tools-for-stm32.7-2018-q2-update.win32_1.5.0.202011040924/tools/bin/../lib/gcc/arm-none-eabi/7.3.1/../../../../arm-none-eabi/lib/thumb/v7-m\libc_nano.a(lib_a-memset.o)
                              e:/nueva carpeta/stm32cubeide_1.5.1/stm32cubeide/plugins/com.st.stm32cube.ide.mcu.externaltools.gnu-tools-for-stm32.7-2018-q2-update.win32_1.5.0.202011040924/tools/bin/../lib/gcc/arm-none-eabi/7.3.1/../../../../arm-none-eabi/lib/thumb/v7-m/crt0.o (memset)
e:/nueva carpeta/stm32cubeide_1.5.1/stm32cubeide/plugins/com.st.stm32cube.ide.mcu.externaltools.gnu-tools-for-stm32.7-2018-q2-update.win32_1.5.0.202011040924/tools/bin/../lib/gcc/arm-none-eabi/7.3.1/../../../../arm-none-eabi/lib/thumb/v7-m\libc_nano.a(lib_a-nano-vfprintf_float.o)
                              (_printf_float)
e:/nueva carpeta/stm32cubeide_1.5.1/stm32cubeide/plugins/com.st.stm32cube.ide.mcu.externaltools.gnu-tools-for-stm32.7-2018-q2-update.win32_1.5.0.202011040924/tools/bin/../lib/gcc/arm-none-eabi/7.3.1/../../../../arm-none-eabi/lib/thumb/v7-m\libc_nano.a(lib_a-nano-vfprintf_i.o)
                              e:/nueva carpeta/stm32cubeide_1.5.1/stm32cubeide/plugins/com.st.stm32cube.ide.mcu.externaltools.gnu-tools-for-stm32.7-2018-q2-update.win32_1.5.0.202011040924/tools/bin/../lib/gcc/arm-none-eabi/7.3.1/../../../../arm-none-eabi/lib/thumb/v7-m\libc_nano.a(lib_a-nano-vfprintf_float.o) (_printf_common)
e:/nueva carpeta/stm32cubeide_1.5.1/stm32cubeide/plugins/com.st.stm32cube.ide.mcu.externaltools.gnu-tools-for-stm32.7-2018-q2-update.win32_1.5.0.202011040924/tools/bin/../lib/gcc/arm-none-eabi/7.3.1/../../../../arm-none-eabi/lib/thumb/v7-m\libc_nano.a(lib_a-sprintf.o)
                              Core/Src/File_Handling_RTOS.o (sprintf)
e:/nueva carpeta/stm32cubeide_1.5.1/stm32cubeide/plugins/com.st.stm32cube.ide.mcu.externaltools.gnu-tools-for-stm32.7-2018-q2-update.win32_1.5.0.202011040924/tools/bin/../lib/gcc/arm-none-eabi/7.3.1/../../../../arm-none-eabi/lib/thumb/v7-m\libc_nano.a(lib_a-strcmp.o)
                              Core/Src/File_Handling_RTOS.o (strcmp)
e:/nueva carpeta/stm32cubeide_1.5.1/stm32cubeide/plugins/com.st.stm32cube.ide.mcu.externaltools.gnu-tools-for-stm32.7-2018-q2-update.win32_1.5.0.202011040924/tools/bin/../lib/gcc/arm-none-eabi/7.3.1/../../../../arm-none-eabi/lib/thumb/v7-m\libc_nano.a(lib_a-strcpy.o)
                              Core/Src/File_Handling_RTOS.o (strcpy)
[...]
Memory Configuration

Name             Origin             Length             Attributes
RAM              0x0000000020000000 0x0000000000005000 xrw
FLASH            0x0000000008000000 0x0000000000010000 xr
*default*        0x0000000000000000 0xffffffffffffffff

Linker script and memory map

LOAD e:/nueva carpeta/stm32cubeide_1.5.1/stm32cubeide/plugins/com.st.stm32cube.ide.mcu.externaltools.gnu-tools-for-stm32.7-2018-q2-update.win32_1.5.0.202011040924/tools/bin/../lib/gcc/arm-none-eabi/7.3.1/thumb/v7-m/crti.o
LOAD e:/nueva carpeta/stm32cubeide_1.5.1/stm32cubeide/plugins/com.st.stm32cube.ide.mcu.externaltools.gnu-tools-for-stm32.7-2018-q2-update.win32_1.5.0.202011040924/tools/bin/../lib/gcc/arm-none-eabi/7.3.1/thumb/v7-m/crtbegin.o
LOAD e:/nueva carpeta/stm32cubeide_1.5.1/stm32cubeide/plugins/com.st.stm32cube.ide.mcu.externaltools.gnu-tools-for-stm32.7-2018-q2-update.win32_1.5.0.202011040924/tools/bin/../lib/gcc/arm-none-eabi/7.3.1/../../../../arm-none-eabi/lib/thumb/v7-m/crt0.o
LOAD Core/Src/File_Handling_RTOS.o
LOAD Core/Src/fatfs_sd.o
LOAD Core/Src/freertos.o
LOAD Core/Src/main.o
LOAD Core/Src/stm32f1xx_hal_msp.o
LOAD Core/Src/stm32f1xx_hal_timebase_tim.o
LOAD Core/Src/stm32f1xx_it.o
LOAD Core/Src/syscalls.o
LOAD Core/Src/sysmem.o
LOAD Core/Src/system_stm32f1xx.o
LOAD Core/Startup/startup_stm32f103c8tx.o
LOAD Drivers/STM32F1xx_HAL_Driver/Src/stm32f1xx_hal.o
LOAD Drivers/STM32F1xx_HAL_Driver/Src/stm32f1xx_hal_cortex.o
LOAD Drivers/STM32F1xx_HAL_Driver/Src/stm32f1xx_hal_dma.o
LOAD Drivers/STM32F1xx_HAL_Driver/Src/stm32f1xx_hal_exti.o
LOAD Drivers/STM32F1xx_HAL_Driver/Src/stm32f1xx_hal_flash.o
LOAD Drivers/STM32F1xx_HAL_Driver/Src/stm32f1xx_hal_flash_ex.o
LOAD Drivers/STM32F1xx_HAL_Driver/Src/stm32f1xx_hal_gpio.o
LOAD Drivers/STM32F1xx_HAL_Driver/Src/stm32f1xx_hal_gpio_ex.o
LOAD Drivers/STM32F1xx_HAL_Driver/Src/stm32f1xx_hal_pwr.o
LOAD Drivers/STM32F1xx_HAL_Driver/Src/stm32f1xx_hal_rcc.o
LOAD Drivers/STM32F1xx_HAL_Driver/Src/stm32f1xx_hal_rcc_ex.o
LOAD Drivers/STM32F1xx_HAL_Driver/Src/stm32f1xx_hal_spi.o
LOAD Drivers/STM32F1xx_HAL_Driver/Src/stm32f1xx_hal_tim.o
LOAD Drivers/STM32F1xx_HAL_Driver/Src/stm32f1xx_hal_tim_ex.o
LOAD Drivers/STM32F1xx_HAL_Driver/Src/stm32f1xx_hal_uart.o
LOAD FATFS/App/fatfs.o
LOAD FATFS/Target/user_diskio.o
LOAD Middlewares/Third_Party/FatFs/src/diskio.o
LOAD Middlewares/Third_Party/FatFs/src/ff.o
LOAD Middlewares/Third_Party/FatFs/src/ff_gen_drv.o
LOAD Middlewares/Third_Party/FatFs/src/option/syscall.o
LOAD Middlewares/Third_Party/FreeRTOS/Source/CMSIS_RTOS/cmsis_os.o
LOAD Middlewares/Third_Party/FreeRTOS/Source/croutine.o
LOAD Middlewares/Third_Party/FreeRTOS/Source/event_groups.o
LOAD Middlewares/Third_Party/FreeRTOS/Source/list.o
LOAD Middlewares/Third_Party/FreeRTOS/Source/queue.o
LOAD Middlewares/Third_Party/FreeRTOS/Source/stream_buffer.o
LOAD Middlewares/Third_Party/FreeRTOS/Source/tasks.o
LOAD Middlewares/Third_Party/FreeRTOS/Source/timers.o
LOAD Middlewares/Third_Party/FreeRTOS/Source/portable/GCC/ARM_CM3/port.o
LOAD Middlewares/Third_Party/FreeRTOS/Source/portable/MemMang/heap_4.o
START GROUP
LOAD e:/nueva carpeta/stm32cubeide_1.5.1/stm32cubeide/plugins/com.st.stm32cube.ide.mcu.externaltools.gnu-tools-for-stm32.7-2018-q2-update.win32_1.5.0.202011040924/tools/bin/../lib/gcc/arm-none-eabi/7.3.1/../../../../arm-none-eabi/lib/thumb/v7-m\libc_nano.a
LOAD e:/nueva carpeta/stm32cubeide_1.5.1/stm32cubeide/plugins/com.st.stm32cube.ide.mcu.externaltools.gnu-tools-for-stm32.7-2018-q2-update.win32_1.5.0.202011040924/tools/bin/../lib/gcc/arm-none-eabi/7.3.1/../../../../arm-none-eabi/lib/thumb/v7-m\libm.a
END GROUP
START GROUP
LOAD e:/nueva carpeta/stm32cubeide_1.5.1/stm32cubeide/plugins/com.st.stm32cube.ide.mcu.externaltools.gnu-tools-for-stm32.7-2018-q2-update.win32_1.5.0.202011040924/tools/bin/../lib/gcc/arm-none-eabi/7.3.1/thumb/v7-m\libgcc.a
LOAD e:/nueva carpeta/stm32cubeide_1.5.1/stm32cubeide/plugins/com.st.stm32cube.ide.mcu.externaltools.gnu-tools-for-stm32.7-2018-q2-update.win32_1.5.0.202011040924/tools/bin/../lib/gcc/arm-none-eabi/7.3.1/../../../../arm-none-eabi/lib/thumb/v7-m\libc_nano.a
END GROUP
START GROUP
LOAD e:/nueva carpeta/stm32cubeide_1.5.1/stm32cubeide/plugins/com.st.stm32cube.ide.mcu.externaltools.gnu-tools-for-stm32.7-2018-q2-update.win32_1.5.0.202011040924/tools/bin/../lib/gcc/arm-none-eabi/7.3.1/thumb/v7-m\libgcc.a
LOAD e:/nueva carpeta/stm32cubeide_1.5.1/stm32cubeide/plugins/com.st.stm32cube.ide.mcu.externaltools.gnu-tools-for-stm32.7-2018-q2-update.win32_1.5.0.202011040924/tools/bin/../lib/gcc/arm-none-eabi/7.3.1/../../../../arm-none-eabi/lib/thumb/v7-m\libc_nano.a
LOAD e:/nueva carpeta/stm32cubeide_1.5.1/stm32cubeide/plugins/com.st.stm32cube.ide.mcu.externaltools.gnu-tools-for-stm32.7-2018-q2-update.win32_1.5.0.202011040924/tools/bin/../lib/gcc/arm-none-eabi/7.3.1/../../../../arm-none-eabi/lib/thumb/v7-m\libnosys.a
END GROUP
START GROUP
LOAD e:/nueva carpeta/stm32cubeide_1.5.1/stm32cubeide/plugins/com.st.stm32cube.ide.mcu.externaltools.gnu-tools-for-stm32.7-2018-q2-update.win32_1.5.0.202011040924/tools/bin/../lib/gcc/arm-none-eabi/7.3.1/thumb/v7-m\libgcc.a
LOAD e:/nueva carpeta/stm32cubeide_1.5.1/stm32cubeide/plugins/com.st.stm32cube.ide.mcu.externaltools.gnu-tools-for-stm32.7-2018-q2-update.win32_1.5.0.202011040924/tools/bin/../lib/gcc/arm-none-eabi/7.3.1/../../../../arm-none-eabi/lib/thumb/v7-m\libc_nano.a
LOAD e:/nueva carpeta/stm32cubeide_1.5.1/stm32cubeide/plugins/com.st.stm32cube.ide.mcu.externaltools.gnu-tools-for-stm32.7-2018-q2-update.win32_1.5.0.202011040924/tools/bin/../lib/gcc/arm-none-eabi/7.3.1/../../../../arm-none-eabi/lib/thumb/v7-m\libnosys.a
END GROUP
LOAD e:/nueva carpeta/stm32cubeide_1.5.1/stm32cubeide/plugins/com.st.stm32cube.ide.mcu.externaltools.gnu-tools-for-stm32.7-2018-q2-update.win32_1.5.0.202011040924/tools/bin/../lib/gcc/arm-none-eabi/7.3.1/thumb/v7-m/crtend.o
LOAD e:/nueva carpeta/stm32cubeide_1.5.1/stm32cubeide/plugins/com.st.stm32cube.ide.mcu.externaltools.gnu-tools-for-stm32.7-2018-q2-update.win32_1.5.0.202011040924/tools/bin/../lib/gcc/arm-none-eabi/7.3.1/thumb/v7-m/crtn.o
                0x0000000020005000                _estack = (ORIGIN (RAM) + LENGTH (RAM))
                0x0000000000000200                _Min_Heap_Size = 0x200
                0x0000000000000400                _Min_Stack_Size = 0x400

.isr_vector     0x0000000008000000      0x10c
                0x0000000008000000                . = ALIGN (0x4)
 *(.isr_vector)
 .isr_vector    0x0000000008000000      0x10c Core/Startup/startup_stm32f103c8tx.o
                0x0000000008000000                g_pfnVectors
                0x000000000800010c                . = ALIGN (0x4)

.text           0x0000000008000110     0xb83c
                0x0000000008000110                . = ALIGN (0x4)
 *(.text)
 .text          0x0000000008000110       0x40 e:/nueva carpeta/stm32cubeide_1.5.1/stm32cubeide/plugins/com.st.stm32cube.ide.mcu.externaltools.gnu-tools-for-stm32.7-2018-q2-update.win32_1.5.0.202011040924/tools/bin/../lib/gcc/arm-none-eabi/7.3.1/thumb/v7-m/crtbegin.o
 .text          0x0000000008000150       0x14 e:/nueva carpeta/stm32cubeide_1.5.1/stm32cubeide/plugins/com.st.stm32cube.ide.mcu.externaltools.gnu-tools-for-stm32.7-2018-q2-update.win32_1.5.0.202011040924/tools/bin/../lib/gcc/arm-none-eabi/7.3.1/../../../../arm-none-eabi/lib/thumb/v7-m\libc_nano.a(lib_a-strcmp.o)
                0x0000000008000150                strcmp
 .text          0x0000000008000164       0x10 e:/nueva carpeta/stm32cubeide_1.5.1/stm32cubeide/plugins/com.st.stm32cube.ide.mcu.externaltools.gnu-tools-for-stm32.7-2018-q2-update.win32_1.5.0.202011040924/tools/bin/../lib/gcc/arm-none-eabi/7.3.1/../../../../arm-none-eabi/lib/thumb/v7-m\libc_nano.a(lib_a-strlen.o)
                0x0000000008000164                strlen
 .text          0x0000000008000174      0x378 e:/nueva carpeta/stm32cubeide_1.5.1/stm32cubeide/plugins/com.st.stm32cube.ide.mcu.externaltools.gnu-tools-for-stm32.7-2018-q2-update.win32_1.5.0.202011040924/tools/bin/../lib/gcc/arm-none-eabi/7.3.1/thumb/v7-m\libgcc.a(_arm_addsubdf3.o)
                0x0000000008000174                __aeabi_drsub
                0x000000000800017c                __aeabi_dsub
                0x000000000800017c                __subdf3
                0x0000000008000180                __aeabi_dadd
                0x0000000008000180                __adddf3
                0x00000000080003f8                __floatunsidf
                0x00000000080003f8                __aeabi_ui2d
                0x0000000008000418                __floatsidf
                0x0000000008000418                __aeabi_i2d
                0x000000000800043c                __aeabi_f2d
                0x000000000800043c                __extendsfdf2
                0x0000000008000480                __floatundidf
                0x0000000008000480                __aeabi_ul2d
                0x0000000008000490                __floatdidf
                0x0000000008000490                __aeabi_l2d
 .text          0x00000000080004ec      0x424 e:/nueva carpeta/stm32cubeide_1.5.1/stm32cubeide/plugins/com.st.stm32cube.ide.mcu.externaltools.gnu-tools-for-stm32.7-2018-q2-update.win32_1.5.0.202011040924/tools/bin/../lib/gcc/arm-none-eabi/7.3.1/thumb/v7-m\libgcc.a(_arm_muldivdf3.o)
                0x00000000080004ec                __aeabi_dmul
                0x00000000080004ec                __muldf3
                0x0000000008000740                __divdf3
                0x0000000008000740                __aeabi_ddiv
 .text          0x0000000008000910      0x110 e:/nueva carpeta/stm32cubeide_1.5.1/stm32cubeide/plugins/com.st.stm32cube.ide.mcu.externaltools.gnu-tools-for-stm32.7-2018-q2-update.win32_1.5.0.202011040924/tools/bin/../lib/gcc/arm-none-eabi/7.3.1/thumb/v7-m\libgcc.a(_arm_cmpdf2.o)
                0x0000000008000910                __gtdf2
                0x0000000008000910                __gedf2
                0x0000000008000918                __ltdf2
                0x0000000008000918                __ledf2
                0x0000000008000920                __nedf2
                0x0000000008000920                __eqdf2
                0x0000000008000920                __cmpdf2
                0x000000000800099c                __aeabi_cdrcmple
                0x00000000080009ac                __aeabi_cdcmpeq
                0x00000000080009ac                __aeabi_cdcmple
                0x00000000080009bc                __aeabi_dcmpeq
                0x00000000080009d0                __aeabi_dcmplt
                0x00000000080009e4                __aeabi_dcmple
                0x00000000080009f8                __aeabi_dcmpge
                0x0000000008000a0c                __aeabi_dcmpgt
 .text          0x0000000008000a20       0x2c e:/nueva carpeta/stm32cubeide_1.5.1/stm32cubeide/plugins/com.st.stm32cube.ide.mcu.externaltools.gnu-tools-for-stm32.7-2018-q2-update.win32_1.5.0.202011040924/tools/bin/../lib/gcc/arm-none-eabi/7.3.1/thumb/v7-m\libgcc.a(_arm_unorddf2.o)
                0x0000000008000a20                __unorddf2
                0x0000000008000a20                __aeabi_dcmpun
 .text          0x0000000008000a4c       0x50 e:/nueva carpeta/stm32cubeide_1.5.1/stm32cubeide/plugins/com.st.stm32cube.ide.mcu.externaltools.gnu-tools-for-stm32.7-2018-q2-update.win32_1.5.0.202011040924/tools/bin/../lib/gcc/arm-none-eabi/7.3.1/thumb/v7-m\libgcc.a(_arm_fixdfsi.o)
                0x0000000008000a4c                __aeabi_d2iz
                0x0000000008000a4c                __fixdfsi
 *(.text*)
 .text.Send_Uart
                0x0000000008000a9c       0x2c Core/Src/File_Handling_RTOS.o
                0x0000000008000a9c                Send_Uart
 .text.Mount_SD
                0x0000000008000ac8       0x48 Core/Src/File_Handling_RTOS.o
                0x0000000008000ac8                Mount_SD
 .text.Unmount_SD
                0x0000000008000b10       0x44 Core/Src/File_Handling_RTOS.o
                0x0000000008000b10                Unmount_SD
 .text.Format_SD
                0x0000000008000b54       0xd4 Core/Src/File_Handling_RTOS.o
                0x0000000008000b54                Format_SD
 .text.Create_File
                0x0000000008000c28      0x12c Core/Src/File_Handling_RTOS.o
                0x0000000008000c28                Create_File
 .text.Update_File
                0x0000000008000d54      0x180 Core/Src/File_Handling_RTOS.o
                0x0000000008000d54                Update_File
 .text.SELECT   0x0000000008000ed4       0x18 Core/Src/fatfs_sd.o
 .text.DESELECT
                0x0000000008000eec       0x18 Core/Src/fatfs_sd.o
 .text.SPI_TxByte
                0x0000000008000f04       0x34 Core/Src/fatfs_sd.o
 .text.SPI_RxByte
                0x0000000008000f38       0x3c Core/Src/fatfs_sd.o
 .text.SPI_RxBytePtr
                0x0000000008000f74       0x1c Core/Src/fatfs_sd.o
 .text.SD_ReadyWait
                0x0000000008000f90       0x38 Core/Src/fatfs_sd.o
 .text.SD_PowerOn
                0x0000000008000fc8       0x98 Core/Src/fatfs_sd.o
 .text.SD_PowerOff
                0x0000000008001060       0x18 Core/Src/fatfs_sd.o
 .text.SD_CheckPower
                0x0000000008001078       0x14 Core/Src/fatfs_sd.o
 .text.SD_RxDataBlock
                0x000000000800108c       0x6c Core/Src/fatfs_sd.o
 .text.SD_TxDataBlock
                0x00000000080010f8       0xa8 Core/Src/fatfs_sd.o
 .text.SD_SendCmd
                0x00000000080011a0       0xa4 Core/Src/fatfs_sd.o
 .text.SD_disk_initialize
                0x0000000008001244      0x1d4 Core/Src/fatfs_sd.o
                0x0000000008001244                SD_disk_initialize
 .text.SD_disk_status
                0x0000000008001418       0x28 Core/Src/fatfs_sd.o
                0x0000000008001418                SD_disk_status
 .text.SD_disk_read
                0x0000000008001440       0xd4 Core/Src/fatfs_sd.o
                0x0000000008001440                SD_disk_read
 .text.SD_disk_write
                0x0000000008001514      0x108 Core/Src/fatfs_sd.o
                0x0000000008001514                SD_disk_write
 .text.SD_disk_ioctl
                0x000000000800161c      0x25c Core/Src/fatfs_sd.o
                0x000000000800161c                SD_disk_ioctl
 .text.vApplicationGetIdleTaskMemory
                0x0000000008001878       0x30 Core/Src/freertos.o
                0x0000000008001878                vApplicationGetIdleTaskMemory
 .text.SDCARD_Task
                0x00000000080018a8       0x5c Core/Src/main.o
                0x00000000080018a8                SDCARD_Task
 .text.ENCONDER_Task
                0x0000000008001904        0xa Core/Src/main.o
                0x0000000008001904                ENCONDER_Task
 *fill*         0x000000000800190e        0x2 
 .text.main     0x0000000008001910       0xb4 Core/Src/main.o
                0x0000000008001910                main
 .text.SystemClock_Config
                0x00000000080019c4       0x8c Core/Src/main.o
                0x00000000080019c4                SystemClock_Config
 .text.MX_SPI1_Init
                0x0000000008001a50       0x6c Core/Src/main.o
 .text.MX_TIM3_Init
                0x0000000008001abc       0x9c Core/Src/main.o
 .text.MX_USART3_UART_Init
                0x0000000008001b58       0x54 Core/Src/main.o
 .text.MX_GPIO_Init
                0x0000000008001bac       0xdc Core/Src/main.o
 .text.HAL_GPIO_EXTI_Callback
                0x0000000008001c88       0x2c Core/Src/main.o
                0x0000000008001c88                HAL_GPIO_EXTI_Callback
 .text.HAL_TIM_PeriodElapsedCallback
                0x0000000008001cb4       0x24 Core/Src/main.o
                0x0000000008001cb4                HAL_TIM_PeriodElapsedCallback
 .text.Error_Handler
                0x0000000008001cd8        0xc Core/Src/main.o
                0x0000000008001cd8                Error_Handler
 .text.HAL_MspInit
                0x0000000008001ce4       0x70 Core/Src/stm32f1xx_hal_msp.o
                0x0000000008001ce4                HAL_MspInit
 .text.HAL_SPI_MspInit
                0x0000000008001d54       0x94 Core/Src/stm32f1xx_hal_msp.o
                0x0000000008001d54                HAL_SPI_MspInit
 .text.HAL_TIM_Base_MspInit
                0x0000000008001de8       0x3c Core/Src/stm32f1xx_hal_msp.o
                0x0000000008001de8                HAL_TIM_Base_MspInit
 .text.HAL_UART_MspInit
                0x0000000008001e24       0x98 Core/Src/stm32f1xx_hal_msp.o
                0x0000000008001e24                HAL_UART_MspInit
 .text.HAL_InitTick
                0x0000000008001ebc       0xb0 Core/Src/stm32f1xx_hal_timebase_tim.o
                0x0000000008001ebc                HAL_InitTick
 .text.NMI_Handler
                0x0000000008001f6c        0xc Core/Src/stm32f1xx_it.o
                0x0000000008001f6c                NMI_Handler
 .text.HardFault_Handler
                0x0000000008001f78        0x6 Core/Src/stm32f1xx_it.o
                0x0000000008001f78                HardFault_Handler
 .text.MemManage_Handler
                0x0000000008001f7e        0x6 Core/Src/stm32f1xx_it.o
                0x0000000008001f7e                MemManage_Handler
 .text.BusFault_Handler
                0x0000000008001f84        0x6 Core/Src/stm32f1xx_it.o
                0x0000000008001f84                BusFault_Handler
 .text.UsageFault_Handler
                0x0000000008001f8a        0x6 Core/Src/stm32f1xx_it.o
                0x0000000008001f8a                UsageFault_Handler
 .text.DebugMon_Handler
                0x0000000008001f90        0xc Core/Src/stm32f1xx_it.o
                0x0000000008001f90                DebugMon_Handler
 .text.EXTI9_5_IRQHandler
                0x0000000008001f9c        0xe Core/Src/stm32f1xx_it.o
                0x0000000008001f9c                EXTI9_5_IRQHandler
 *fill*         0x0000000008001faa        0x2 
 .text.TIM4_IRQHandler
                0x0000000008001fac       0x14 Core/Src/stm32f1xx_it.o
                0x0000000008001fac                TIM4_IRQHandler
 .text._sbrk    0x0000000008001fc0       0x58 Core/Src/sysmem.o
                0x0000000008001fc0                _sbrk
 .text.SystemInit
                0x0000000008002018       0x68 Core/Src/system_stm32f1xx.o
                0x0000000008002018                SystemInit
 .text.Reset_Handler
                0x0000000008002080       0x48 Core/Startup/startup_stm32f103c8tx.o
                0x0000000008002080                Reset_Handler
 .text.Default_Handler
                0x00000000080020c8        0x2 Core/Startup/startup_stm32f103c8tx.o
                0x00000000080020c8                RTC_Alarm_IRQHandler
                0x00000000080020c8                EXTI2_IRQHandler
                0x00000000080020c8                TIM1_CC_IRQHandler
                0x00000000080020c8                PVD_IRQHandler
                0x00000000080020c8                EXTI3_IRQHandler
                0x00000000080020c8                EXTI0_IRQHandler
                0x00000000080020c8                I2C2_EV_IRQHandler
                0x00000000080020c8                ADC1_2_IRQHandler
                0x00000000080020c8                SPI1_IRQHandler
                0x00000000080020c8                TAMPER_IRQHandler
                0x00000000080020c8                DMA1_Channel4_IRQHandler
                0x00000000080020c8                USART3_IRQHandler
                0x00000000080020c8                RTC_IRQHandler
                0x00000000080020c8                DMA1_Channel7_IRQHandler
                0x00000000080020c8                CAN1_RX1_IRQHandler
                0x00000000080020c8                I2C1_EV_IRQHandler
                0x00000000080020c8                DMA1_Channel6_IRQHandler
                0x00000000080020c8                TIM3_IRQHandler
                0x00000000080020c8                RCC_IRQHandler
                0x00000000080020c8                TIM1_TRG_COM_IRQHandler
                0x00000000080020c8                DMA1_Channel1_IRQHandler
                0x00000000080020c8                Default_Handler
                0x00000000080020c8                EXTI15_10_IRQHandler
                0x00000000080020c8                SPI2_IRQHandler
                0x00000000080020c8                DMA1_Channel5_IRQHandler
                0x00000000080020c8                EXTI4_IRQHandler
                0x00000000080020c8                USB_LP_CAN1_RX0_IRQHandler
                0x00000000080020c8                USB_HP_CAN1_TX_IRQHandler
                0x00000000080020c8                DMA1_Channel3_IRQHandler
                0x00000000080020c8                TIM1_UP_IRQHandler
                0x00000000080020c8                WWDG_IRQHandler
                0x00000000080020c8                TIM2_IRQHandler
                0x00000000080020c8                TIM1_BRK_IRQHandler
                0x00000000080020c8                EXTI1_IRQHandler
                0x00000000080020c8                USART2_IRQHandler
                0x00000000080020c8                I2C2_ER_IRQHandler
                0x00000000080020c8                DMA1_Channel2_IRQHandler
                0x00000000080020c8                CAN1_SCE_IRQHandler
                0x00000000080020c8                FLASH_IRQHandler
                0x00000000080020c8                USART1_IRQHandler
                0x00000000080020c8                I2C1_ER_IRQHandler
                0x00000000080020c8                USBWakeUp_IRQHandler
 *fill*         0x00000000080020ca        0x2 
 .text.HAL_Init
                0x00000000080020cc       0x2c Drivers/STM32F1xx_HAL_Driver/Src/stm32f1xx_hal.o
                0x00000000080020cc                HAL_Init
 .text.HAL_IncTick
                0x00000000080020f8       0x24 Drivers/STM32F1xx_HAL_Driver/Src/stm32f1xx_hal.o
                0x00000000080020f8                HAL_IncTick
 .text.HAL_GetTick
                0x000000000800211c       0x14 Drivers/STM32F1xx_HAL_Driver/Src/stm32f1xx_hal.o
                0x000000000800211c                HAL_GetTick
 .text.__NVIC_SetPriorityGrouping
                0x0000000008002130       0x48 Drivers/STM32F1xx_HAL_Driver/Src/stm32f1xx_hal_cortex.o
 .text.__NVIC_GetPriorityGrouping
                0x0000000008002178       0x1c Drivers/STM32F1xx_HAL_Driver/Src/stm32f1xx_hal_cortex.o
 .text.__NVIC_EnableIRQ
                0x0000000008002194       0x38 Drivers/STM32F1xx_HAL_Driver/Src/stm32f1xx_hal_cortex.o
 .text.__NVIC_SetPriority
                0x00000000080021cc       0x54 Drivers/STM32F1xx_HAL_Driver/Src/stm32f1xx_hal_cortex.o
 .text.NVIC_EncodePriority
                0x0000000008002220       0x64 Drivers/STM32F1xx_HAL_Driver/Src/stm32f1xx_hal_cortex.o
 .text.HAL_NVIC_SetPriorityGrouping
                0x0000000008002284       0x16 Drivers/STM32F1xx_HAL_Driver/Src/stm32f1xx_hal_cortex.o
                0x0000000008002284                HAL_NVIC_SetPriorityGrouping
 .text.HAL_NVIC_SetPriority
                0x000000000800229a       0x38 Drivers/STM32F1xx_HAL_Driver/Src/stm32f1xx_hal_cortex.o
                0x000000000800229a                HAL_NVIC_SetPriority
 .text.HAL_NVIC_EnableIRQ
                0x00000000080022d2       0x1c Drivers/STM32F1xx_HAL_Driver/Src/stm32f1xx_hal_cortex.o
                0x00000000080022d2                HAL_NVIC_EnableIRQ
 *fill*         0x00000000080022ee        0x2 
 .text.HAL_GPIO_Init
                0x00000000080022f0      0x2b4 Drivers/STM32F1xx_HAL_Driver/Src/stm32f1xx_hal_gpio.o
                0x00000000080022f0                HAL_GPIO_Init
 .text.HAL_GPIO_WritePin
                0x00000000080025a4       0x30 Drivers/STM32F1xx_HAL_Driver/Src/stm32f1xx_hal_gpio.o
                0x00000000080025a4                HAL_GPIO_WritePin
 .text.HAL_GPIO_EXTI_IRQHandler
                0x00000000080025d4       0x30 Drivers/STM32F1xx_HAL_Driver/Src/stm32f1xx_hal_gpio.o
                0x00000000080025d4                HAL_GPIO_EXTI_IRQHandler
 .text.HAL_RCC_OscConfig
                0x0000000008002604      0x500 Drivers/STM32F1xx_HAL_Driver/Src/stm32f1xx_hal_rcc.o
                0x0000000008002604                HAL_RCC_OscConfig
 .text.HAL_RCC_ClockConfig
                0x0000000008002b04      0x1d4 Drivers/STM32F1xx_HAL_Driver/Src/stm32f1xx_hal_rcc.o
                0x0000000008002b04                HAL_RCC_ClockConfig
 .text.HAL_RCC_GetSysClockFreq
                0x0000000008002cd8       0xc4 Drivers/STM32F1xx_HAL_Driver/Src/stm32f1xx_hal_rcc.o
                0x0000000008002cd8                HAL_RCC_GetSysClockFreq
 .text.HAL_RCC_GetHCLKFreq
                0x0000000008002d9c       0x14 Drivers/STM32F1xx_HAL_Driver/Src/stm32f1xx_hal_rcc.o
                0x0000000008002d9c                HAL_RCC_GetHCLKFreq
 .text.HAL_RCC_GetPCLK1Freq
                0x0000000008002db0       0x28 Drivers/STM32F1xx_HAL_Driver/Src/stm32f1xx_hal_rcc.o
                0x0000000008002db0                HAL_RCC_GetPCLK1Freq
 .text.HAL_RCC_GetPCLK2Freq
                0x0000000008002dd8       0x28 Drivers/STM32F1xx_HAL_Driver/Src/stm32f1xx_hal_rcc.o
                0x0000000008002dd8                HAL_RCC_GetPCLK2Freq
 .text.HAL_RCC_GetClockConfig
                0x0000000008002e00       0x60 Drivers/STM32F1xx_HAL_Driver/Src/stm32f1xx_hal_rcc.o
                0x0000000008002e00                HAL_RCC_GetClockConfig
 .text.RCC_Delay
                0x0000000008002e60       0x3c Drivers/STM32F1xx_HAL_Driver/Src/stm32f1xx_hal_rcc.o
 .text.HAL_SPI_Init
                0x0000000008002e9c       0xc2 Drivers/STM32F1xx_HAL_Driver/Src/stm32f1xx_hal_spi.o
                0x0000000008002e9c                HAL_SPI_Init
 .text.HAL_SPI_Transmit
                0x0000000008002f5e      0x268 Drivers/STM32F1xx_HAL_Driver/Src/stm32f1xx_hal_spi.o
                0x0000000008002f5e                HAL_SPI_Transmit
 .text.HAL_SPI_TransmitReceive
                0x00000000080031c6      0x344 Drivers/STM32F1xx_HAL_Driver/Src/stm32f1xx_hal_spi.o
                0x00000000080031c6                HAL_SPI_TransmitReceive
 .text.HAL_SPI_GetState
                0x000000000800350a       0x1a Drivers/STM32F1xx_HAL_Driver/Src/stm32f1xx_hal_spi.o
                0x000000000800350a                HAL_SPI_GetState
 .text.SPI_WaitFlagStateUntilTimeout
                0x0000000008003524       0xd4 Drivers/STM32F1xx_HAL_Driver/Src/stm32f1xx_hal_spi.o
 .text.SPI_EndRxTxTransaction
                0x00000000080035f8       0x3c Drivers/STM32F1xx_HAL_Driver/Src/stm32f1xx_hal_spi.o
 .text.HAL_TIM_Base_Init
                0x0000000008003634       0x56 Drivers/STM32F1xx_HAL_Driver/Src/stm32f1xx_hal_tim.o
                0x0000000008003634                HAL_TIM_Base_Init
 .text.HAL_TIM_Base_Start
                0x000000000800368a       0x46 Drivers/STM32F1xx_HAL_Driver/Src/stm32f1xx_hal_tim.o
                0x000000000800368a                HAL_TIM_Base_Start
 .text.HAL_TIM_Base_Start_IT
                0x00000000080036d0       0x46 Drivers/STM32F1xx_HAL_Driver/Src/stm32f1xx_hal_tim.o
                0x00000000080036d0                HAL_TIM_Base_Start_IT
 .text.HAL_TIM_IRQHandler
                0x0000000008003716      0x210 Drivers/STM32F1xx_HAL_Driver/Src/stm32f1xx_hal_tim.o
                0x0000000008003716                HAL_TIM_IRQHandler
 .text.HAL_TIM_ConfigClockSource
                0x0000000008003926      0x16e Drivers/STM32F1xx_HAL_Driver/Src/stm32f1xx_hal_tim.o
                0x0000000008003926                HAL_TIM_ConfigClockSource
 .text.HAL_TIM_OC_DelayElapsedCallback
                0x0000000008003a94       0x12 Drivers/STM32F1xx_HAL_Driver/Src/stm32f1xx_hal_tim.o
                0x0000000008003a94                HAL_TIM_OC_DelayElapsedCallback
 .text.HAL_TIM_IC_CaptureCallback
                0x0000000008003aa6       0x12 Drivers/STM32F1xx_HAL_Driver/Src/stm32f1xx_hal_tim.o
                0x0000000008003aa6                HAL_TIM_IC_CaptureCallback
 .text.HAL_TIM_PWM_PulseFinishedCallback
                0x0000000008003ab8       0x12 Drivers/STM32F1xx_HAL_Driver/Src/stm32f1xx_hal_tim.o
                0x0000000008003ab8                HAL_TIM_PWM_PulseFinishedCallback
 .text.HAL_TIM_TriggerCallback
                0x0000000008003aca       0x12 Drivers/STM32F1xx_HAL_Driver/Src/stm32f1xx_hal_tim.o
                0x0000000008003aca                HAL_TIM_TriggerCallback
 .text.TIM_Base_SetConfig
                0x0000000008003adc       0xc4 Drivers/STM32F1xx_HAL_Driver/Src/stm32f1xx_hal_tim.o
                0x0000000008003adc                TIM_Base_SetConfig
 .text.TIM_TI1_ConfigInputStage
                0x0000000008003ba0       0x5c Drivers/STM32F1xx_HAL_Driver/Src/stm32f1xx_hal_tim.o
 .text.TIM_TI2_ConfigInputStage
                0x0000000008003bfc       0x5e Drivers/STM32F1xx_HAL_Driver/Src/stm32f1xx_hal_tim.o
 .text.TIM_ITRx_SetConfig
                0x0000000008003c5a       0x34 Drivers/STM32F1xx_HAL_Driver/Src/stm32f1xx_hal_tim.o
 .text.TIM_ETR_SetConfig
                0x0000000008003c8e       0x3e Drivers/STM32F1xx_HAL_Driver/Src/stm32f1xx_hal_tim.o
                0x0000000008003c8e                TIM_ETR_SetConfig
 .text.HAL_TIMEx_MasterConfigSynchronization
                0x0000000008003ccc       0x88 Drivers/STM32F1xx_HAL_Driver/Src/stm32f1xx_hal_tim_ex.o
                0x0000000008003ccc                HAL_TIMEx_MasterConfigSynchronization
 .text.HAL_TIMEx_CommutCallback
                0x0000000008003d54       0x12 Drivers/STM32F1xx_HAL_Driver/Src/stm32f1xx_hal_tim_ex.o
                0x0000000008003d54                HAL_TIMEx_CommutCallback
 .text.HAL_TIMEx_BreakCallback
                0x0000000008003d66       0x12 Drivers/STM32F1xx_HAL_Driver/Src/stm32f1xx_hal_tim_ex.o
                0x0000000008003d66                HAL_TIMEx_BreakCallback
 .text.HAL_UART_Init
                0x0000000008003d78       0x9a Drivers/STM32F1xx_HAL_Driver/Src/stm32f1xx_hal_uart.o
                0x0000000008003d78                HAL_UART_Init
 .text.HAL_UART_Transmit
                0x0000000008003e12      0x132 Drivers/STM32F1xx_HAL_Driver/Src/stm32f1xx_hal_uart.o
                0x0000000008003e12                HAL_UART_Transmit
 .text.UART_WaitOnFlagUntilTimeout
                0x0000000008003f44       0x94 Drivers/STM32F1xx_HAL_Driver/Src/stm32f1xx_hal_uart.o
 .text.UART_SetConfig
                0x0000000008003fd8      0x1b4 Drivers/STM32F1xx_HAL_Driver/Src/stm32f1xx_hal_uart.o
 .text.MX_FATFS_Init
                0x000000000800418c       0x24 FATFS/App/fatfs.o
                0x000000000800418c                MX_FATFS_Init
 .text.get_fattime
                0x00000000080041b0        0xe FATFS/App/fatfs.o
                0x00000000080041b0                get_fattime
 .text.USER_initialize
                0x00000000080041be       0x1c FATFS/Target/user_diskio.o
                0x00000000080041be                USER_initialize
 .text.USER_status
                0x00000000080041da       0x1c FATFS/Target/user_diskio.o
                0x00000000080041da                USER_status
 .text.USER_read
                0x00000000080041f6       0x26 FATFS/Target/user_diskio.o
                0x00000000080041f6                USER_read
 .text.USER_write
                0x000000000800421c       0x26 FATFS/Target/user_diskio.o
                0x000000000800421c                USER_write
 .text.USER_ioctl
                0x0000000008004242       0x26 FATFS/Target/user_diskio.o
                0x0000000008004242                USER_ioctl
 .text.disk_status
                0x0000000008004268       0x34 Middlewares/Third_Party/FatFs/src/diskio.o
                0x0000000008004268                disk_status
 .text.disk_initialize
                0x000000000800429c       0x4c Middlewares/Third_Party/FatFs/src/diskio.o
                0x000000000800429c                disk_initialize
 .text.disk_read
                0x00000000080042e8       0x40 Middlewares/Third_Party/FatFs/src/diskio.o
                0x00000000080042e8                disk_read
 .text.disk_write
                0x0000000008004328       0x40 Middlewares/Third_Party/FatFs/src/diskio.o
                0x0000000008004328                disk_write
 .text.disk_ioctl
                0x0000000008004368       0x3c Middlewares/Third_Party/FatFs/src/diskio.o
                0x0000000008004368                disk_ioctl
 .text.mem_cpy  0x00000000080043a4       0x3a Middlewares/Third_Party/FatFs/src/ff.o
 .text.mem_set  0x00000000080043de       0x32 Middlewares/Third_Party/FatFs/src/ff.o
 .text.mem_cmp  0x0000000008004410       0x4c Middlewares/Third_Party/FatFs/src/ff.o
 .text.chk_chr  0x000000000800445c       0x34 Middlewares/Third_Party/FatFs/src/ff.o
 .text.lock_fs  0x0000000008004490       0x1e Middlewares/Third_Party/FatFs/src/ff.o
 .text.unlock_fs
                0x00000000080044ae       0x3e Middlewares/Third_Party/FatFs/src/ff.o
 .text.chk_lock
                0x00000000080044ec       0xd8 Middlewares/Third_Party/FatFs/src/ff.o
 .text.enq_lock
                0x00000000080045c4       0x48 Middlewares/Third_Party/FatFs/src/ff.o
 .text.inc_lock
                0x000000000800460c      0x16c Middlewares/Third_Party/FatFs/src/ff.o
 .text.dec_lock
                0x0000000008004778       0x88 Middlewares/Third_Party/FatFs/src/ff.o
 .text.clear_lock
                0x0000000008004800       0x50 Middlewares/Third_Party/FatFs/src/ff.o
 .text.sync_window
                0x0000000008004850       0x92 Middlewares/Third_Party/FatFs/src/ff.o
 .text.move_window
                0x00000000080048e2       0x5c Middlewares/Third_Party/FatFs/src/ff.o
 .text.sync_fs  0x000000000800493e      0x15a Middlewares/Third_Party/FatFs/src/ff.o
 .text.clust2sect
                0x0000000008004a98       0x42 Middlewares/Third_Party/FatFs/src/ff.o
                0x0000000008004a98                clust2sect
 .text.get_fat  0x0000000008004ada      0x16e Middlewares/Third_Party/FatFs/src/ff.o
                0x0000000008004ada                get_fat
 .text.put_fat  0x0000000008004c48      0x216 Middlewares/Third_Party/FatFs/src/ff.o
                0x0000000008004c48                put_fat
 .text.remove_chain
                0x0000000008004e5e       0xb4 Middlewares/Third_Party/FatFs/src/ff.o
 .text.create_chain
                0x0000000008004f12      0x13a Middlewares/Third_Party/FatFs/src/ff.o
 .text.clmt_clust
                0x000000000800504c       0x68 Middlewares/Third_Party/FatFs/src/ff.o
 .text.dir_sdi  0x00000000080050b4      0x128 Middlewares/Third_Party/FatFs/src/ff.o
 .text.dir_next
                0x00000000080051dc      0x1ee Middlewares/Third_Party/FatFs/src/ff.o
 .text.dir_alloc
                0x00000000080053ca       0x94 Middlewares/Third_Party/FatFs/src/ff.o
 .text.ld_clust
                0x000000000800545e       0x5a Middlewares/Third_Party/FatFs/src/ff.o
 .text.st_clust
                0x00000000080054b8       0x4c Middlewares/Third_Party/FatFs/src/ff.o
 .text.dir_find
                0x0000000008005504       0x9e Middlewares/Third_Party/FatFs/src/ff.o
 .text.dir_read
                0x00000000080055a2       0xbe Middlewares/Third_Party/FatFs/src/ff.o
 .text.dir_register
                0x0000000008005660       0x72 Middlewares/Third_Party/FatFs/src/ff.o
 .text.dir_remove
                0x00000000080056d2       0x6e Middlewares/Third_Party/FatFs/src/ff.o
 .text.get_fileinfo
                0x0000000008005740       0xe0 Middlewares/Third_Party/FatFs/src/ff.o
 .text.create_name
                0x0000000008005820      0x180 Middlewares/Third_Party/FatFs/src/ff.o
 .text.follow_path
                0x00000000080059a0       0xdc Middlewares/Third_Party/FatFs/src/ff.o
 .text.get_ldnumber
                0x0000000008005a7c       0x86 Middlewares/Third_Party/FatFs/src/ff.o
 *fill*         0x0000000008005b02        0x2 
 .text.check_fs
                0x0000000008005b04       0xd4 Middlewares/Third_Party/FatFs/src/ff.o
 .text.find_volume
                0x0000000008005bd8      0x5a4 Middlewares/Third_Party/FatFs/src/ff.o
 .text.validate
                0x000000000800617c       0x7c Middlewares/Third_Party/FatFs/src/ff.o
 .text.f_mount  0x00000000080061f8       0xd0 Middlewares/Third_Party/FatFs/src/ff.o
                0x00000000080061f8                f_mount
 .text.f_open   0x00000000080062c8      0x42a Middlewares/Third_Party/FatFs/src/ff.o
                0x00000000080062c8                f_open
 .text.f_write  0x00000000080066f2      0x3ee Middlewares/Third_Party/FatFs/src/ff.o
                0x00000000080066f2                f_write
 .text.f_sync   0x0000000008006ae0      0x192 Middlewares/Third_Party/FatFs/src/ff.o
                0x0000000008006ae0                f_sync
 .text.f_close  0x0000000008006c72       0x60 Middlewares/Third_Party/FatFs/src/ff.o
                0x0000000008006c72                f_close
 .text.f_opendir
                0x0000000008006cd2      0x110 Middlewares/Third_Party/FatFs/src/ff.o
                0x0000000008006cd2                f_opendir
 .text.f_closedir
                0x0000000008006de2       0x5a Middlewares/Third_Party/FatFs/src/ff.o
                0x0000000008006de2                f_closedir
 .text.f_readdir
                0x0000000008006e3c       0x9c Middlewares/Third_Party/FatFs/src/ff.o
                0x0000000008006e3c                f_readdir
 .text.f_stat   0x0000000008006ed8       0xa6 Middlewares/Third_Party/FatFs/src/ff.o
                0x0000000008006ed8                f_stat
 .text.f_unlink
                0x0000000008006f7e      0x1c6 Middlewares/Third_Party/FatFs/src/ff.o
                0x0000000008006f7e                f_unlink
 .text.FATFS_LinkDriverEx
                0x0000000008007144       0x94 Middlewares/Third_Party/FatFs/src/ff_gen_drv.o
                0x0000000008007144                FATFS_LinkDriverEx
 .text.FATFS_LinkDriver
                0x00000000080071d8       0x1e Middlewares/Third_Party/FatFs/src/ff_gen_drv.o
                0x00000000080071d8                FATFS_LinkDriver
 .text.ff_cre_syncobj
                0x00000000080071f6       0x40 Middlewares/Third_Party/FatFs/src/option/syscall.o
                0x00000000080071f6                ff_cre_syncobj
 .text.ff_del_syncobj
                0x0000000008007236       0x18 Middlewares/Third_Party/FatFs/src/option/syscall.o
                0x0000000008007236                ff_del_syncobj
 .text.ff_req_grant
                0x000000000800724e       0x2a Middlewares/Third_Party/FatFs/src/option/syscall.o
                0x000000000800724e                ff_req_grant
 .text.ff_rel_grant
                0x0000000008007278       0x16 Middlewares/Third_Party/FatFs/src/option/syscall.o
                0x0000000008007278                ff_rel_grant
 .text.inHandlerMode
                0x000000000800728e       0x22 Middlewares/Third_Party/FreeRTOS/Source/CMSIS_RTOS/cmsis_os.o
 .text.osSemaphoreCreate
                0x00000000080072b0       0x66 Middlewares/Third_Party/FreeRTOS/Source/CMSIS_RTOS/cmsis_os.o
                0x00000000080072b0                osSemaphoreCreate
 *fill*         0x0000000008007316        0x2 
 .text.osSemaphoreWait
                0x0000000008007318       0x9c Middlewares/Third_Party/FreeRTOS/Source/CMSIS_RTOS/cmsis_os.o
                0x0000000008007318                osSemaphoreWait
 .text.osSemaphoreRelease
                0x00000000080073b4       0x6c Middlewares/Third_Party/FreeRTOS/Source/CMSIS_RTOS/cmsis_os.o
                0x00000000080073b4                osSemaphoreRelease
 .text.osSemaphoreDelete
                0x0000000008007420       0x26 Middlewares/Third_Party/FreeRTOS/Source/CMSIS_RTOS/cmsis_os.o
                0x0000000008007420                osSemaphoreDelete
 .text.vListInitialise
                0x0000000008007446       0x3e Middlewares/Third_Party/FreeRTOS/Source/list.o
                0x0000000008007446                vListInitialise
 .text.vListInitialiseItem
                0x0000000008007484       0x18 Middlewares/Third_Party/FreeRTOS/Source/list.o
                0x0000000008007484                vListInitialiseItem
 .text.vListInsertEnd
                0x000000000800749c       0x46 Middlewares/Third_Party/FreeRTOS/Source/list.o
                0x000000000800749c                vListInsertEnd
 .text.vListInsert
                0x00000000080074e2       0x70 Middlewares/Third_Party/FreeRTOS/Source/list.o
                0x00000000080074e2                vListInsert
 .text.uxListRemove
                0x0000000008007552       0x52 Middlewares/Third_Party/FreeRTOS/Source/list.o
                0x0000000008007552                uxListRemove
 .text.xQueueGenericReset
                0x00000000080075a4       0xd0 Middlewares/Third_Party/FreeRTOS/Source/queue.o
                0x00000000080075a4                xQueueGenericReset
 .text.xQueueGenericCreateStatic
                0x0000000008007674       0xe4 Middlewares/Third_Party/FreeRTOS/Source/queue.o
                0x0000000008007674                xQueueGenericCreateStatic
 .text.xQueueGenericCreate
                0x0000000008007758       0x7a Middlewares/Third_Party/FreeRTOS/Source/queue.o
                0x0000000008007758                xQueueGenericCreate
 .text.prvInitialiseNewQueue
                0x00000000080077d2       0x3e Middlewares/Third_Party/FreeRTOS/Source/queue.o
 .text.xQueueGenericSend
                0x0000000008007810      0x1f4 Middlewares/Third_Party/FreeRTOS/Source/queue.o
                0x0000000008007810                xQueueGenericSend
 .text.xQueueGiveFromISR
                0x0000000008007a04      0x112 Middlewares/Third_Party/FreeRTOS/Source/queue.o
                0x0000000008007a04                xQueueGiveFromISR
 *fill*         0x0000000008007b16        0x2 
 .text.xQueueSemaphoreTake
                0x0000000008007b18      0x210 Middlewares/Third_Party/FreeRTOS/Source/queue.o
                0x0000000008007b18                xQueueSemaphoreTake
 .text.xQueueReceiveFromISR
                0x0000000008007d28       0xfa Middlewares/Third_Party/FreeRTOS/Source/queue.o
                0x0000000008007d28                xQueueReceiveFromISR
 .text.vQueueDelete
                0x0000000008007e22       0x44 Middlewares/Third_Party/FreeRTOS/Source/queue.o
                0x0000000008007e22                vQueueDelete
 .text.prvGetDisinheritPriorityAfterTimeout
                0x0000000008007e66       0x2e Middlewares/Third_Party/FreeRTOS/Source/queue.o
 .text.prvCopyDataToQueue
                0x0000000008007e94       0xd4 Middlewares/Third_Party/FreeRTOS/Source/queue.o
 .text.prvCopyDataFromQueue
                0x0000000008007f68       0x4c Middlewares/Third_Party/FreeRTOS/Source/queue.o
 .text.prvUnlockQueue
                0x0000000008007fb4       0xa4 Middlewares/Third_Party/FreeRTOS/Source/queue.o
 .text.prvIsQueueEmpty
                0x0000000008008058       0x2c Middlewares/Third_Party/FreeRTOS/Source/queue.o
 .text.prvIsQueueFull
                0x0000000008008084       0x30 Middlewares/Third_Party/FreeRTOS/Source/queue.o
 .text.vQueueUnregisterQueue
                0x00000000080080b4       0x50 Middlewares/Third_Party/FreeRTOS/Source/queue.o
                0x00000000080080b4                vQueueUnregisterQueue
 .text.xTaskCreateStatic
                0x0000000008008104       0xb2 Middlewares/Third_Party/FreeRTOS/Source/tasks.o
                0x0000000008008104                xTaskCreateStatic
 .text.xTaskCreate
                0x00000000080081b6       0x8a Middlewares/Third_Party/FreeRTOS/Source/tasks.o
                0x00000000080081b6                xTaskCreate
 .text.prvInitialiseNewTask
                0x0000000008008240       0xfc Middlewares/Third_Party/FreeRTOS/Source/tasks.o
 .text.prvAddNewTaskToReadyList
                0x000000000800833c       0xd4 Middlewares/Third_Party/FreeRTOS/Source/tasks.o
 .text.vTaskDelay
                0x0000000008008410       0x68 Middlewares/Third_Party/FreeRTOS/Source/tasks.o
                0x0000000008008410                vTaskDelay
 .text.vTaskStartScheduler
                0x0000000008008478       0xbc Middlewares/Third_Party/FreeRTOS/Source/tasks.o
                0x0000000008008478                vTaskStartScheduler
 .text.vTaskSuspendAll
                0x0000000008008534       0x1c Middlewares/Third_Party/FreeRTOS/Source/tasks.o
                0x0000000008008534                vTaskSuspendAll
 .text.xTaskResumeAll
                0x0000000008008550      0x138 Middlewares/Third_Party/FreeRTOS/Source/tasks.o
                0x0000000008008550                xTaskResumeAll
 .text.xTaskIncrementTick
                0x0000000008008688      0x178 Middlewares/Third_Party/FreeRTOS/Source/tasks.o
                0x0000000008008688                xTaskIncrementTick
 .text.vTaskSwitchContext
                0x0000000008008800       0xb4 Middlewares/Third_Party/FreeRTOS/Source/tasks.o
                0x0000000008008800                vTaskSwitchContext
 .text.vTaskPlaceOnEventList
                0x00000000080088b4       0x48 Middlewares/Third_Party/FreeRTOS/Source/tasks.o
                0x00000000080088b4                vTaskPlaceOnEventList
 .text.xTaskRemoveFromEventList
                0x00000000080088fc       0xc4 Middlewares/Third_Party/FreeRTOS/Source/tasks.o
                0x00000000080088fc                xTaskRemoveFromEventList
 .text.vTaskInternalSetTimeOutState
                0x00000000080089c0       0x2c Middlewares/Third_Party/FreeRTOS/Source/tasks.o
                0x00000000080089c0                vTaskInternalSetTimeOutState
 .text.xTaskCheckForTimeOut
                0x00000000080089ec       0xc0 Middlewares/Third_Party/FreeRTOS/Source/tasks.o
                0x00000000080089ec                xTaskCheckForTimeOut
 .text.vTaskMissedYield
                0x0000000008008aac       0x18 Middlewares/Third_Party/FreeRTOS/Source/tasks.o
                0x0000000008008aac                vTaskMissedYield
 .text.prvIdleTask
                0x0000000008008ac4       0x30 Middlewares/Third_Party/FreeRTOS/Source/tasks.o
 .text.prvInitialiseTaskLists
                0x0000000008008af4       0x80 Middlewares/Third_Party/FreeRTOS/Source/tasks.o
 .text.prvCheckTasksWaitingTermination
                0x0000000008008b74       0x58 Middlewares/Third_Party/FreeRTOS/Source/tasks.o
 .text.prvDeleteTCB
                0x0000000008008bcc       0x5c Middlewares/Third_Party/FreeRTOS/Source/tasks.o
 .text.prvResetNextTaskUnblockTime
                0x0000000008008c28       0x48 Middlewares/Third_Party/FreeRTOS/Source/tasks.o
 .text.xTaskGetSchedulerState
                0x0000000008008c70       0x3c Middlewares/Third_Party/FreeRTOS/Source/tasks.o
                0x0000000008008c70                xTaskGetSchedulerState
 .text.xTaskPriorityInherit
                0x0000000008008cac      0x10c Middlewares/Third_Party/FreeRTOS/Source/tasks.o
                0x0000000008008cac                xTaskPriorityInherit
 .text.xTaskPriorityDisinherit
                0x0000000008008db8      0x108 Middlewares/Third_Party/FreeRTOS/Source/tasks.o
                0x0000000008008db8                xTaskPriorityDisinherit
 .text.vTaskPriorityDisinheritAfterTimeout
                0x0000000008008ec0      0x13c Middlewares/Third_Party/FreeRTOS/Source/tasks.o
                0x0000000008008ec0                vTaskPriorityDisinheritAfterTimeout
 .text.pvTaskIncrementMutexHeldCount
                0x0000000008008ffc       0x28 Middlewares/Third_Party/FreeRTOS/Source/tasks.o
                0x0000000008008ffc                pvTaskIncrementMutexHeldCount
 .text.prvAddCurrentTaskToDelayedList
                0x0000000008009024       0xcc Middlewares/Third_Party/FreeRTOS/Source/tasks.o
 .text.pxPortInitialiseStack
                0x00000000080090f0       0x58 Middlewares/Third_Party/FreeRTOS/Source/portable/GCC/ARM_CM3/port.o
                0x00000000080090f0                pxPortInitialiseStack
 .text.prvTaskExitError
                0x0000000008009148       0x50 Middlewares/Third_Party/FreeRTOS/Source/portable/GCC/ARM_CM3/port.o
 *fill*         0x0000000008009198        0x8 
 .text.SVC_Handler
                0x00000000080091a0       0x28 Middlewares/Third_Party/FreeRTOS/Source/portable/GCC/ARM_CM3/port.o
                0x00000000080091a0                SVC_Handler
 .text.prvPortStartFirstTask
                0x00000000080091c8       0x20 Middlewares/Third_Party/FreeRTOS/Source/portable/GCC/ARM_CM3/port.o
 .text.xPortStartScheduler
                0x00000000080091e8       0xe0 Middlewares/Third_Party/FreeRTOS/Source/portable/GCC/ARM_CM3/port.o
                0x00000000080091e8                xPortStartScheduler
 .text.vPortEnterCritical
                0x00000000080092c8       0x5c Middlewares/Third_Party/FreeRTOS/Source/portable/GCC/ARM_CM3/port.o
                0x00000000080092c8                vPortEnterCritical
 .text.vPortExitCritical
                0x0000000008009324       0x4c Middlewares/Third_Party/FreeRTOS/Source/portable/GCC/ARM_CM3/port.o
                0x0000000008009324                vPortExitCritical
 .text.PendSV_Handler
                0x0000000008009370       0x48 Middlewares/Third_Party/FreeRTOS/Source/portable/GCC/ARM_CM3/port.o
                0x0000000008009370                PendSV_Handler
 .text.SysTick_Handler
                0x00000000080093b8       0x40 Middlewares/Third_Party/FreeRTOS/Source/portable/GCC/ARM_CM3/port.o
                0x00000000080093b8                SysTick_Handler
 .text.vPortSetupTimerInterrupt
                0x00000000080093f8       0x44 Middlewares/Third_Party/FreeRTOS/Source/portable/GCC/ARM_CM3/port.o
                0x00000000080093f8                vPortSetupTimerInterrupt
 .text.vPortValidateInterruptPriority
                0x000000000800943c       0x78 Middlewares/Third_Party/FreeRTOS/Source/portable/GCC/ARM_CM3/port.o
                0x000000000800943c                vPortValidateInterruptPriority
 .text.pvPortMalloc
                0x00000000080094b4      0x184 Middlewares/Third_Party/FreeRTOS/Source/portable/MemMang/heap_4.o
                0x00000000080094b4                pvPortMalloc
 .text.vPortFree
                0x0000000008009638       0xb0 Middlewares/Third_Party/FreeRTOS/Source/portable/MemMang/heap_4.o
                0x0000000008009638                vPortFree
 .text.prvHeapInit
                0x00000000080096e8       0xc4 Middlewares/Third_Party/FreeRTOS/Source/portable/MemMang/heap_4.o
 .text.prvInsertBlockIntoFreeList
                0x00000000080097ac       0xb0 Middlewares/Third_Party/FreeRTOS/Source/portable/MemMang/heap_4.o
 .text.__errno  0x000000000800985c        0xc e:/nueva carpeta/stm32cubeide_1.5.1/stm32cubeide/plugins/com.st.stm32cube.ide.mcu.externaltools.gnu-tools-for-stm32.7-2018-q2-update.win32_1.5.0.202011040924/tools/bin/../lib/gcc/arm-none-eabi/7.3.1/../../../../arm-none-eabi/lib/thumb/v7-m\libc_nano.a(lib_a-errno.o)
                0x000000000800985c                __errno
 .text.__libc_init_array
                0x0000000008009868       0x48 e:/nueva carpeta/stm32cubeide_1.5.1/stm32cubeide/plugins/com.st.stm32cube.ide.mcu.externaltools.gnu-tools-for-stm32.7-2018-q2-update.win32_1.5.0.202011040924/tools/bin/../lib/gcc/arm-none-eabi/7.3.1/../../../../arm-none-eabi/lib/thumb/v7-m\libc_nano.a(lib_a-init.o)
                0x0000000008009868                __libc_init_array
 .text.memcpy   0x00000000080098b0       0x16 e:/nueva carpeta/stm32cubeide_1.5.1/stm32cubeide/plugins/com.st.stm32cube.ide.mcu.externaltools.gnu-tools-for-stm32.7-2018-q2-update.win32_1.5.0.202011040924/tools/bin/../lib/gcc/arm-none-eabi/7.3.1/../../../../arm-none-eabi/lib/thumb/v7-m\libc_nano.a(lib_a-memcpy-stub.o)
                0x00000000080098b0                memcpy
 .text.memset   0x00000000080098c6       0x10 e:/nueva carpeta/stm32cubeide_1.5.1/stm32cubeide/plugins/com.st.stm32cube.ide.mcu.externaltools.gnu-tools-for-stm32.7-2018-q2-update.win32_1.5.0.202011040924/tools/bin/../lib/gcc/arm-none-eabi/7.3.1/../../../../arm-none-eabi/lib/thumb/v7-m\libc_nano.a(lib_a-memset.o)
                0x00000000080098c6                memset
 .text.__cvt    0x00000000080098d6       0xb8 e:/nueva carpeta/stm32cubeide_1.5.1/stm32cubeide/plugins/com.st.stm32cube.ide.mcu.externaltools.gnu-tools-for-stm32.7-2018-q2-update.win32_1.5.0.202011040924/tools/bin/../lib/gcc/arm-none-eabi/7.3.1/../../../../arm-none-eabi/lib/thumb/v7-m\libc_nano.a(lib_a-nano-vfprintf_float.o)
                0x00000000080098d6                __cvt
 .text.__exponent
                0x000000000800998e       0x6a e:/nueva carpeta/stm32cubeide_1.5.1/stm32cubeide/plugins/com.st.stm32cube.ide.mcu.externaltools.gnu-tools-for-stm32.7-2018-q2-update.win32_1.5.0.202011040924/tools/bin/../lib/gcc/arm-none-eabi/7.3.1/../../../../arm-none-eabi/lib/thumb/v7-m\libc_nano.a(lib_a-nano-vfprintf_float.o)
                0x000000000800998e                __exponent
 .text._printf_float
                0x00000000080099f8      0x46c e:/nueva carpeta/stm32cubeide_1.5.1/stm32cubeide/plugins/com.st.stm32cube.ide.mcu.externaltools.gnu-tools-for-stm32.7-2018-q2-update.win32_1.5.0.202011040924/tools/bin/../lib/gcc/arm-none-eabi/7.3.1/../../../../arm-none-eabi/lib/thumb/v7-m\libc_nano.a(lib_a-nano-vfprintf_float.o)
                0x00000000080099f8                _printf_float
 .text._printf_common
                0x0000000008009e64       0xec e:/nueva carpeta/stm32cubeide_1.5.1/stm32cubeide/plugins/com.st.stm32cube.ide.mcu.externaltools.gnu-tools-for-stm32.7-2018-q2-update.win32_1.5.0.202011040924/tools/bin/../lib/gcc/arm-none-eabi/7.3.1/../../../../arm-none-eabi/lib/thumb/v7-m\libc_nano.a(lib_a-nano-vfprintf_i.o)
                0x0000000008009e64                _printf_common
 .text._printf_i
                0x0000000008009f50      0x224 e:/nueva carpeta/stm32cubeide_1.5.1/stm32cubeide/plugins/com.st.stm32cube.ide.mcu.externaltools.gnu-tools-for-stm32.7-2018-q2-update.win32_1.5.0.202011040924/tools/bin/../lib/gcc/arm-none-eabi/7.3.1/../../../../arm-none-eabi/lib/thumb/v7-m\libc_nano.a(lib_a-nano-vfprintf_i.o)
                0x0000000008009f50                _printf_i
 .text.sprintf  0x000000000800a174       0x40 e:/nueva carpeta/stm32cubeide_1.5.1/stm32cubeide/plugins/com.st.stm32cube.ide.mcu.externaltools.gnu-tools-for-stm32.7-2018-q2-update.win32_1.5.0.202011040924/tools/bin/../lib/gcc/arm-none-eabi/7.3.1/../../../../arm-none-eabi/lib/thumb/v7-m\libc_nano.a(lib_a-sprintf.o)
                0x000000000800a174                siprintf
                0x000000000800a174                sprintf
 .text.quorem   0x000000000800a1b4      0x11c e:/nueva carpeta/stm32cubeide_1.5.1/stm32cubeide/plugins/com.st.stm32cube.ide.mcu.externaltools.gnu-tools-for-stm32.7-2018-q2-update.win32_1.5.0.202011040924/tools/bin/../lib/gcc/arm-none-eabi/7.3.1/../../../../arm-none-eabi/lib/thumb/v7-m\libc_nano.a(lib_a-dtoa.o)
 .text._dtoa_r  0x000000000800a2d0      0xb68 e:/nueva carpeta/stm32cubeide_1.5.1/stm32cubeide/plugins/com.st.stm32cube.ide.mcu.externaltools.gnu-tools-for-stm32.7-2018-q2-update.win32_1.5.0.202011040924/tools/bin/../lib/gcc/arm-none-eabi/7.3.1/../../../../arm-none-eabi/lib/thumb/v7-m\libc_nano.a(lib_a-dtoa.o)
                0x000000000800a2d0                _dtoa_r
 .text._localeconv_r
                0x000000000800ae38       0x1c e:/nueva carpeta/stm32cubeide_1.5.1/stm32cubeide/plugins/com.st.stm32cube.ide.mcu.externaltools.gnu-tools-for-stm32.7-2018-q2-update.win32_1.5.0.202011040924/tools/bin/../lib/gcc/arm-none-eabi/7.3.1/../../../../arm-none-eabi/lib/thumb/v7-m\libc_nano.a(lib_a-localeconv.o)
                0x000000000800ae38                _localeconv_r
 .text.malloc   0x000000000800ae54       0x10 e:/nueva carpeta/stm32cubeide_1.5.1/stm32cubeide/plugins/com.st.stm32cube.ide.mcu.externaltools.gnu-tools-for-stm32.7-2018-q2-update.win32_1.5.0.202011040924/tools/bin/../lib/gcc/arm-none-eabi/7.3.1/../../../../arm-none-eabi/lib/thumb/v7-m\libc_nano.a(lib_a-malloc.o)
                0x000000000800ae54                malloc
 .text.memchr   0x000000000800ae64       0x1c e:/nueva carpeta/stm32cubeide_1.5.1/stm32cubeide/plugins/com.st.stm32cube.ide.mcu.externaltools.gnu-tools-for-stm32.7-2018-q2-update.win32_1.5.0.202011040924/tools/bin/../lib/gcc/arm-none-eabi/7.3.1/../../../../arm-none-eabi/lib/thumb/v7-m\libc_nano.a(lib_a-memchr-stub.o)
                0x000000000800ae64                memchr
 .text._Balloc  0x000000000800ae80       0x68 e:/nueva carpeta/stm32cubeide_1.5.1/stm32cubeide/plugins/com.st.stm32cube.ide.mcu.externaltools.gnu-tools-for-stm32.7-2018-q2-update.win32_1.5.0.202011040924/tools/bin/../lib/gcc/arm-none-eabi/7.3.1/../../../../arm-none-eabi/lib/thumb/v7-m\libc_nano.a(lib_a-mprec.o)
                0x000000000800ae80                _Balloc
 .text._Bfree   0x000000000800aee8       0x2e e:/nueva carpeta/stm32cubeide_1.5.1/stm32cubeide/plugins/com.st.stm32cube.ide.mcu.externaltools.gnu-tools-for-stm32.7-2018-q2-update.win32_1.5.0.202011040924/tools/bin/../lib/gcc/arm-none-eabi/7.3.1/../../../../arm-none-eabi/lib/thumb/v7-m\libc_nano.a(lib_a-mprec.o)
                0x000000000800aee8                _Bfree
 .text.__multadd
                0x000000000800af16       0x76 e:/nueva carpeta/stm32cubeide_1.5.1/stm32cubeide/plugins/com.st.stm32cube.ide.mcu.externaltools.gnu-tools-for-stm32.7-2018-q2-update.win32_1.5.0.202011040924/tools/bin/../lib/gcc/arm-none-eabi/7.3.1/../../../../arm-none-eabi/lib/thumb/v7-m\libc_nano.a(lib_a-mprec.o)
                0x000000000800af16                __multadd
 .text.__hi0bits
                0x000000000800af8c       0x3e e:/nueva carpeta/stm32cubeide_1.5.1/stm32cubeide/plugins/com.st.stm32cube.ide.mcu.externaltools.gnu-tools-for-stm32.7-2018-q2-update.win32_1.5.0.202011040924/tools/bin/../lib/gcc/arm-none-eabi/7.3.1/../../../../arm-none-eabi/lib/thumb/v7-m\libc_nano.a(lib_a-mprec.o)
                0x000000000800af8c                __hi0bits
 .text.__lo0bits
                0x000000000800afca       0x5e e:/nueva carpeta/stm32cubeide_1.5.1/stm32cubeide/plugins/com.st.stm32cube.ide.mcu.externaltools.gnu-tools-for-stm32.7-2018-q2-update.win32_1.5.0.202011040924/tools/bin/../lib/gcc/arm-none-eabi/7.3.1/../../../../arm-none-eabi/lib/thumb/v7-m\libc_nano.a(lib_a-mprec.o)
                0x000000000800afca                __lo0bits
 .text.__i2b    0x000000000800b028       0x12 e:/nueva carpeta/stm32cubeide_1.5.1/stm32cubeide/plugins/com.st.stm32cube.ide.mcu.externaltools.gnu-tools-for-stm32.7-2018-q2-update.win32_1.5.0.202011040924/tools/bin/../lib/gcc/arm-none-eabi/7.3.1/../../../../arm-none-eabi/lib/thumb/v7-m\libc_nano.a(lib_a-mprec.o)
                0x000000000800b028                __i2b
 .text.__multiply
                0x000000000800b03a      0x12a e:/nueva carpeta/stm32cubeide_1.5.1/stm32cubeide/plugins/com.st.stm32cube.ide.mcu.externaltools.gnu-tools-for-stm32.7-2018-q2-update.win32_1.5.0.202011040924/tools/bin/../lib/gcc/arm-none-eabi/7.3.1/../../../../arm-none-eabi/lib/thumb/v7-m\libc_nano.a(lib_a-mprec.o)
                0x000000000800b03a                __multiply
 .text.__pow5mult
                0x000000000800b164       0x9c e:/nueva carpeta/stm32cubeide_1.5.1/stm32cubeide/plugins/com.st.stm32cube.ide.mcu.externaltools.gnu-tools-for-stm32.7-2018-q2-update.win32_1.5.0.202011040924/tools/bin/../lib/gcc/arm-none-eabi/7.3.1/../../../../arm-none-eabi/lib/thumb/v7-m\libc_nano.a(lib_a-mprec.o)
                0x000000000800b164                __pow5mult
 .text.__lshift
                0x000000000800b200       0xa8 e:/nueva carpeta/stm32cubeide_1.5.1/stm32cubeide/plugins/com.st.stm32cube.ide.mcu.externaltools.gnu-tools-for-stm32.7-2018-q2-update.win32_1.5.0.202011040924/tools/bin/../lib/gcc/arm-none-eabi/7.3.1/../../../../arm-none-eabi/lib/thumb/v7-m\libc_nano.a(lib_a-mprec.o)
                0x000000000800b200                __lshift
 .text.__mcmp   0x000000000800b2a8       0x34 e:/nueva carpeta/stm32cubeide_1.5.1/stm32cubeide/plugins/com.st.stm32cube.ide.mcu.externaltools.gnu-tools-for-stm32.7-2018-q2-update.win32_1.5.0.202011040924/tools/bin/../lib/gcc/arm-none-eabi/7.3.1/../../../../arm-none-eabi/lib/thumb/v7-m\libc_nano.a(lib_a-mprec.o)
                0x000000000800b2a8                __mcmp
 .text.__mdiff  0x000000000800b2dc       0xbc e:/nueva carpeta/stm32cubeide_1.5.1/stm32cubeide/plugins/com.st.stm32cube.ide.mcu.externaltools.gnu-tools-for-stm32.7-2018-q2-update.win32_1.5.0.202011040924/tools/bin/../lib/gcc/arm-none-eabi/7.3.1/../../../../arm-none-eabi/lib/thumb/v7-m\libc_nano.a(lib_a-mprec.o)
                0x000000000800b2dc                __mdiff
 .text.__d2b    0x000000000800b398       0x9e e:/nueva carpeta/stm32cubeide_1.5.1/stm32cubeide/plugins/com.st.stm32cube.ide.mcu.externaltools.gnu-tools-for-stm32.7-2018-q2-update.win32_1.5.0.202011040924/tools/bin/../lib/gcc/arm-none-eabi/7.3.1/../../../../arm-none-eabi/lib/thumb/v7-m\libc_nano.a(lib_a-mprec.o)
                0x000000000800b398                __d2b
 .text._calloc_r
                0x000000000800b436       0x1c e:/nueva carpeta/stm32cubeide_1.5.1/stm32cubeide/plugins/com.st.stm32cube.ide.mcu.externaltools.gnu-tools-for-stm32.7-2018-q2-update.win32_1.5.0.202011040924/tools/bin/../lib/gcc/arm-none-eabi/7.3.1/../../../../arm-none-eabi/lib/thumb/v7-m\libc_nano.a(lib_a-nano-callocr.o)
                0x000000000800b436                _calloc_r
 *fill*         0x000000000800b452        0x2 
 .text._free_r  0x000000000800b454       0x98 e:/nueva carpeta/stm32cubeide_1.5.1/stm32cubeide/plugins/com.st.stm32cube.ide.mcu.externaltools.gnu-tools-for-stm32.7-2018-q2-update.win32_1.5.0.202011040924/tools/bin/../lib/gcc/arm-none-eabi/7.3.1/../../../../arm-none-eabi/lib/thumb/v7-m\libc_nano.a(lib_a-nano-freer.o)
                0x000000000800b454                _free_r
 .text._malloc_r
                0x000000000800b4ec       0xb4 e:/nueva carpeta/stm32cubeide_1.5.1/stm32cubeide/plugins/com.st.stm32cube.ide.mcu.externaltools.gnu-tools-for-stm32.7-2018-q2-update.win32_1.5.0.202011040924/tools/bin/../lib/gcc/arm-none-eabi/7.3.1/../../../../arm-none-eabi/lib/thumb/v7-m\libc_nano.a(lib_a-nano-mallocr.o)
                0x000000000800b4ec                _malloc_r
 .text.__ssputs_r
                0x000000000800b5a0       0xb4 e:/nueva carpeta/stm32cubeide_1.5.1/stm32cubeide/plugins/com.st.stm32cube.ide.mcu.externaltools.gnu-tools-for-stm32.7-2018-q2-update.win32_1.5.0.202011040924/tools/bin/../lib/gcc/arm-none-eabi/7.3.1/../../../../arm-none-eabi/lib/thumb/v7-m\libc_nano.a(lib_a-nano-svfprintf.o)
                0x000000000800b5a0                __ssputs_r
 .text._svfprintf_r
                0x000000000800b654      0x1f0 e:/nueva carpeta/stm32cubeide_1.5.1/stm32cubeide/plugins/com.st.stm32cube.ide.mcu.externaltools.gnu-tools-for-stm32.7-2018-q2-update.win32_1.5.0.202011040924/tools/bin/../lib/gcc/arm-none-eabi/7.3.1/../../../../arm-none-eabi/lib/thumb/v7-m\libc_nano.a(lib_a-nano-svfprintf.o)
                0x000000000800b654                _svfiprintf_r
                0x000000000800b654                _svfprintf_r
 .text._sbrk_r  0x000000000800b844       0x20 e:/nueva carpeta/stm32cubeide_1.5.1/stm32cubeide/plugins/com.st.stm32cube.ide.mcu.externaltools.gnu-tools-for-stm32.7-2018-q2-update.win32_1.5.0.202011040924/tools/bin/../lib/gcc/arm-none-eabi/7.3.1/../../../../arm-none-eabi/lib/thumb/v7-m\libc_nano.a(lib_a-sbrkr.o)
                0x000000000800b844                _sbrk_r
 .text.__ascii_mbtowc
                0x000000000800b864       0x24 e:/nueva carpeta/stm32cubeide_1.5.1/stm32cubeide/plugins/com.st.stm32cube.ide.mcu.externaltools.gnu-tools-for-stm32.7-2018-q2-update.win32_1.5.0.202011040924/tools/bin/../lib/gcc/arm-none-eabi/7.3.1/../../../../arm-none-eabi/lib/thumb/v7-m\libc_nano.a(lib_a-mbtowc_r.o)
                0x000000000800b864                __ascii_mbtowc
 .text.memmove  0x000000000800b888       0x32 e:/nueva carpeta/stm32cubeide_1.5.1/stm32cubeide/plugins/com.st.stm32cube.ide.mcu.externaltools.gnu-tools-for-stm32.7-2018-q2-update.win32_1.5.0.202011040924/tools/bin/../lib/gcc/arm-none-eabi/7.3.1/../../../../arm-none-eabi/lib/thumb/v7-m\libc_nano.a(lib_a-memmove.o)
                0x000000000800b888                memmove
 .text.__malloc_lock
                0x000000000800b8ba        0x2 e:/nueva carpeta/stm32cubeide_1.5.1/stm32cubeide/plugins/com.st.stm32cube.ide.mcu.externaltools.gnu-tools-for-stm32.7-2018-q2-update.win32_1.5.0.202011040924/tools/bin/../lib/gcc/arm-none-eabi/7.3.1/../../../../arm-none-eabi/lib/thumb/v7-m\libc_nano.a(lib_a-mlock.o)
                0x000000000800b8ba                __malloc_lock
 .text.__malloc_unlock
                0x000000000800b8bc        0x2 e:/nueva carpeta/stm32cubeide_1.5.1/stm32cubeide/plugins/com.st.stm32cube.ide.mcu.externaltools.gnu-tools-for-stm32.7-2018-q2-update.win32_1.5.0.202011040924/tools/bin/../lib/gcc/arm-none-eabi/7.3.1/../../../../arm-none-eabi/lib/thumb/v7-m\libc_nano.a(lib_a-mlock.o)
                0x000000000800b8bc                __malloc_unlock
 .text._realloc_r
                0x000000000800b8be       0x4c e:/nueva carpeta/stm32cubeide_1.5.1/stm32cubeide/plugins/com.st.stm32cube.ide.mcu.externaltools.gnu-tools-for-stm32.7-2018-q2-update.win32_1.5.0.202011040924/tools/bin/../lib/gcc/arm-none-eabi/7.3.1/../../../../arm-none-eabi/lib/thumb/v7-m\libc_nano.a(lib_a-nano-reallocr.o)
                0x000000000800b8be                _realloc_r
 .text.__ascii_wctomb
                0x000000000800b90a       0x1a e:/nueva carpeta/stm32cubeide_1.5.1/stm32cubeide/plugins/com.st.stm32cube.ide.mcu.externaltools.gnu-tools-for-stm32.7-2018-q2-update.win32_1.5.0.202011040924/tools/bin/../lib/gcc/arm-none-eabi/7.3.1/../../../../arm-none-eabi/lib/thumb/v7-m\libc_nano.a(lib_a-wctomb_r.o)
                0x000000000800b90a                __ascii_wctomb
 .text._malloc_usable_size_r
                0x000000000800b924       0x10 e:/nueva carpeta/stm32cubeide_1.5.1/stm32cubeide/plugins/com.st.stm32cube.ide.mcu.externaltools.gnu-tools-for-stm32.7-2018-q2-update.win32_1.5.0.202011040924/tools/bin/../lib/gcc/arm-none-eabi/7.3.1/../../../../arm-none-eabi/lib/thumb/v7-m\libc_nano.a(lib_a-nano-msizer.o)
                0x000000000800b924                _malloc_usable_size_r
 *(.glue_7)
 .glue_7        0x000000000800b934        0x0 linker stubs
 *(.glue_7t)
 .glue_7t       0x000000000800b934        0x0 linker stubs
 *(.eh_frame)
 .eh_frame      0x000000000800b934        0x0 e:/nueva carpeta/stm32cubeide_1.5.1/stm32cubeide/plugins/com.st.stm32cube.ide.mcu.externaltools.gnu-tools-for-stm32.7-2018-q2-update.win32_1.5.0.202011040924/tools/bin/../lib/gcc/arm-none-eabi/7.3.1/thumb/v7-m/crtbegin.o
 *(.init)
 .init          0x000000000800b934        0x4 e:/nueva carpeta/stm32cubeide_1.5.1/stm32cubeide/plugins/com.st.stm32cube.ide.mcu.externaltools.gnu-tools-for-stm32.7-2018-q2-update.win32_1.5.0.202011040924/tools/bin/../lib/gcc/arm-none-eabi/7.3.1/thumb/v7-m/crti.o
                0x000000000800b934                _init
 .init          0x000000000800b938        0x8 e:/nueva carpeta/stm32cubeide_1.5.1/stm32cubeide/plugins/com.st.stm32cube.ide.mcu.externaltools.gnu-tools-for-stm32.7-2018-q2-update.win32_1.5.0.202011040924/tools/bin/../lib/gcc/arm-none-eabi/7.3.1/thumb/v7-m/crtn.o
 *(.fini)
 .fini          0x000000000800b940        0x4 e:/nueva carpeta/stm32cubeide_1.5.1/stm32cubeide/plugins/com.st.stm32cube.ide.mcu.externaltools.gnu-tools-for-stm32.7-2018-q2-update.win32_1.5.0.202011040924/tools/bin/../lib/gcc/arm-none-eabi/7.3.1/thumb/v7-m/crti.o
                0x000000000800b940                _fini
 .fini          0x000000000800b944        0x8 e:/nueva carpeta/stm32cubeide_1.5.1/stm32cubeide/plugins/com.st.stm32cube.ide.mcu.externaltools.gnu-tools-for-stm32.7-2018-q2-update.win32_1.5.0.202011040924/tools/bin/../lib/gcc/arm-none-eabi/7.3.1/thumb/v7-m/crtn.o
                0x000000000800b94c                . = ALIGN (0x4)
                0x000000000800b94c                _etext = .

.vfp11_veneer   0x000000000800b94c        0x0
 .vfp11_veneer  0x000000000800b94c        0x0 linker stubs

.v4_bx          0x000000000800b94c        0x0
 .v4_bx         0x000000000800b94c        0x0 linker stubs

.iplt           0x000000000800b94c        0x0
 .iplt          0x000000000800b94c        0x0 e:/nueva carpeta/stm32cubeide_1.5.1/stm32cubeide/plugins/com.st.stm32cube.ide.mcu.externaltools.gnu-tools-for-stm32.7-2018-q2-update.win32_1.5.0.202011040924/tools/bin/../lib/gcc/arm-none-eabi/7.3.1/thumb/v7-m/crtbegin.o

.rodata         0x000000000800b950      0x798
                0x000000000800b950                . = ALIGN (0x4)
 *(.rodata)
 .rodata        0x000000000800b950      0x412 Core/Src/File_Handling_RTOS.o
 *fill*         0x000000000800bd62        0x2 
 .rodata        0x000000000800bd64       0x2d Core/Src/main.o
 *fill*         0x000000000800bd91        0x3 
 .rodata        0x000000000800bd94       0x12 Drivers/STM32F1xx_HAL_Driver/Src/stm32f1xx_hal_rcc.o
 *fill*         0x000000000800bda6        0x2 
 .rodata        0x000000000800bda8       0x44 Middlewares/Third_Party/FatFs/src/ff.o
 .rodata        0x000000000800bdec        0x5 Middlewares/Third_Party/FreeRTOS/Source/tasks.o
 *(.rodata*)
 *fill*         0x000000000800bdf1        0x3 
 .rodata.AHBPrescTable
                0x000000000800bdf4       0x10 Core/Src/system_stm32f1xx.o
                0x000000000800bdf4                AHBPrescTable
 .rodata.APBPrescTable
                0x000000000800be04        0x8 Core/Src/system_stm32f1xx.o
                0x000000000800be04                APBPrescTable
 .rodata.ExCvt  0x000000000800be0c       0x80 Middlewares/Third_Party/FatFs/src/ff.o
 .rodata._printf_float.str1.1
                0x000000000800be8c       0x12 e:/nueva carpeta/stm32cubeide_1.5.1/stm32cubeide/plugins/com.st.stm32cube.ide.mcu.externaltools.gnu-tools-for-stm32.7-2018-q2-update.win32_1.5.0.202011040924/tools/bin/../lib/gcc/arm-none-eabi/7.3.1/../../../../arm-none-eabi/lib/thumb/v7-m\libc_nano.a(lib_a-nano-vfprintf_float.o)
 .rodata._printf_i.str1.1
                0x000000000800be9e       0x22 e:/nueva carpeta/stm32cubeide_1.5.1/stm32cubeide/plugins/com.st.stm32cube.ide.mcu.externaltools.gnu-tools-for-stm32.7-2018-q2-update.win32_1.5.0.202011040924/tools/bin/../lib/gcc/arm-none-eabi/7.3.1/../../../../arm-none-eabi/lib/thumb/v7-m\libc_nano.a(lib_a-nano-vfprintf_i.o)
 .rodata._dtoa_r.str1.1
                0x000000000800bec0        0xd e:/nueva carpeta/stm32cubeide_1.5.1/stm32cubeide/plugins/com.st.stm32cube.ide.mcu.externaltools.gnu-tools-for-stm32.7-2018-q2-update.win32_1.5.0.202011040924/tools/bin/../lib/gcc/arm-none-eabi/7.3.1/../../../../arm-none-eabi/lib/thumb/v7-m\libc_nano.a(lib_a-dtoa.o)
                                          0xf (size before relaxing)
 *fill*         0x000000000800becd        0x3 
 .rodata.__mprec_bigtens
                0x000000000800bed0       0x28 e:/nueva carpeta/stm32cubeide_1.5.1/stm32cubeide/plugins/com.st.stm32cube.ide.mcu.externaltools.gnu-tools-for-stm32.7-2018-q2-update.win32_1.5.0.202011040924/tools/bin/../lib/gcc/arm-none-eabi/7.3.1/../../../../arm-none-eabi/lib/thumb/v7-m\libc_nano.a(lib_a-mprec.o)
                0x000000000800bed0                __mprec_bigtens
 .rodata.__mprec_tens
                0x000000000800bef8       0xc8 e:/nueva carpeta/stm32cubeide_1.5.1/stm32cubeide/plugins/com.st.stm32cube.ide.mcu.externaltools.gnu-tools-for-stm32.7-2018-q2-update.win32_1.5.0.202011040924/tools/bin/../lib/gcc/arm-none-eabi/7.3.1/../../../../arm-none-eabi/lib/thumb/v7-m\libc_nano.a(lib_a-mprec.o)
                0x000000000800bef8                __mprec_tens
 .rodata.p05.6084
                0x000000000800bfc0        0xc e:/nueva carpeta/stm32cubeide_1.5.1/stm32cubeide/plugins/com.st.stm32cube.ide.mcu.externaltools.gnu-tools-for-stm32.7-2018-q2-update.win32_1.5.0.202011040924/tools/bin/../lib/gcc/arm-none-eabi/7.3.1/../../../../arm-none-eabi/lib/thumb/v7-m\libc_nano.a(lib_a-mprec.o)
 .rodata._svfprintf_r.str1.1
                0x000000000800bfcc       0x11 e:/nueva carpeta/stm32cubeide_1.5.1/stm32cubeide/plugins/com.st.stm32cube.ide.mcu.externaltools.gnu-tools-for-stm32.7-2018-q2-update.win32_1.5.0.202011040924/tools/bin/../lib/gcc/arm-none-eabi/7.3.1/../../../../arm-none-eabi/lib/thumb/v7-m\libc_nano.a(lib_a-nano-svfprintf.o)
 .rodata._setlocale_r.str1.1
                0x000000000800bfdd        0x8 e:/nueva carpeta/stm32cubeide_1.5.1/stm32cubeide/plugins/com.st.stm32cube.ide.mcu.externaltools.gnu-tools-for-stm32.7-2018-q2-update.win32_1.5.0.202011040924/tools/bin/../lib/gcc/arm-none-eabi/7.3.1/../../../../arm-none-eabi/lib/thumb/v7-m\libc_nano.a(lib_a-locale.o)
                                          0x9 (size before relaxing)
 .rodata.str1.1
                0x000000000800bfe5        0x2 e:/nueva carpeta/stm32cubeide_1.5.1/stm32cubeide/plugins/com.st.stm32cube.ide.mcu.externaltools.gnu-tools-for-stm32.7-2018-q2-update.win32_1.5.0.202011040924/tools/bin/../lib/gcc/arm-none-eabi/7.3.1/../../../../arm-none-eabi/lib/thumb/v7-m\libc_nano.a(lib_a-locale.o)
 .rodata._ctype_
                0x000000000800bfe7      0x101 e:/nueva carpeta/stm32cubeide_1.5.1/stm32cubeide/plugins/com.st.stm32cube.ide.mcu.externaltools.gnu-tools-for-stm32.7-2018-q2-update.win32_1.5.0.202011040924/tools/bin/../lib/gcc/arm-none-eabi/7.3.1/../../../../arm-none-eabi/lib/thumb/v7-m\libc_nano.a(lib_a-ctype_.o)
                0x000000000800bfe7                _ctype_
                0x000000000800c0e8                . = ALIGN (0x4)

.rel.dyn        0x000000000800c0e8        0x0
 .rel.iplt      0x000000000800c0e8        0x0 e:/nueva carpeta/stm32cubeide_1.5.1/stm32cubeide/plugins/com.st.stm32cube.ide.mcu.externaltools.gnu-tools-for-stm32.7-2018-q2-update.win32_1.5.0.202011040924/tools/bin/../lib/gcc/arm-none-eabi/7.3.1/thumb/v7-m/crtbegin.o

.ARM.extab      0x000000000800c0e8        0x0
                0x000000000800c0e8                . = ALIGN (0x4)
 *(.ARM.extab* .gnu.linkonce.armextab.*)
                0x000000000800c0e8                . = ALIGN (0x4)

.ARM            0x000000000800c0e8        0x0
                0x000000000800c0e8                . = ALIGN (0x4)
                0x000000000800c0e8                __exidx_start = .
 *(.ARM.exidx*)
                0x000000000800c0e8                __exidx_end = .
                0x000000000800c0e8                . = ALIGN (0x4)

.preinit_array  0x000000000800c0e8        0x0
                0x000000000800c0e8                . = ALIGN (0x4)
                0x000000000800c0e8                PROVIDE (__preinit_array_start = .)
 *(.preinit_array*)
                0x000000000800c0e8                PROVIDE (__preinit_array_end = .)
                0x000000000800c0e8                . = ALIGN (0x4)

.init_array     0x000000000800c0e8        0x4
                0x000000000800c0e8                . = ALIGN (0x4)
                0x000000000800c0e8                PROVIDE (__init_array_start = .)
 *(SORT_BY_NAME(.init_array.*))
 *(.init_array*)
 .init_array    0x000000000800c0e8        0x4 e:/nueva carpeta/stm32cubeide_1.5.1/stm32cubeide/plugins/com.st.stm32cube.ide.mcu.externaltools.gnu-tools-for-stm32.7-2018-q2-update.win32_1.5.0.202011040924/tools/bin/../lib/gcc/arm-none-eabi/7.3.1/thumb/v7-m/crtbegin.o
                0x000000000800c0ec                PROVIDE (__init_array_end = .)
                0x000000000800c0ec                . = ALIGN (0x4)

.fini_array     0x000000000800c0ec        0x4
                0x000000000800c0ec                . = ALIGN (0x4)
                [!provide]                        PROVIDE (__fini_array_start = .)
 *(SORT_BY_NAME(.fini_array.*))
 *(.fini_array*)
 .fini_array    0x000000000800c0ec        0x4 e:/nueva carpeta/stm32cubeide_1.5.1/stm32cubeide/plugins/com.st.stm32cube.ide.mcu.externaltools.gnu-tools-for-stm32.7-2018-q2-update.win32_1.5.0.202011040924/tools/bin/../lib/gcc/arm-none-eabi/7.3.1/thumb/v7-m/crtbegin.o
                [!provide]                        PROVIDE (__fini_array_end = .)
                0x000000000800c0f0                . = ALIGN (0x4)
                0x000000000800c0f0                _sidata = LOADADDR (.data)

.data           0x0000000020000000      0x1f8 load address 0x000000000800c0f0
                0x0000000020000000                . = ALIGN (0x4)
                0x0000000020000000                _sdata = .
 *(.data)
 *(.data*)
 .data.Stat     0x0000000020000000        0x1 Core/Src/fatfs_sd.o
 *fill*         0x0000000020000001        0x3 
 .data.SystemCoreClock
                0x0000000020000004        0x4 Core/Src/system_stm32f1xx.o
                0x0000000020000004                SystemCoreClock
 .data.uwTickPrio
                0x0000000020000008        0x4 Drivers/STM32F1xx_HAL_Driver/Src/stm32f1xx_hal.o
                0x0000000020000008                uwTickPrio
 .data.uwTickFreq
                0x000000002000000c        0x1 Drivers/STM32F1xx_HAL_Driver/Src/stm32f1xx_hal.o
                0x000000002000000c                uwTickFreq
 *fill*         0x000000002000000d        0x3 
 .data.USER_Driver
                0x0000000020000010       0x14 FATFS/Target/user_diskio.o
                0x0000000020000010                USER_Driver
 .data.uxCriticalNesting
                0x0000000020000024        0x4 Middlewares/Third_Party/FreeRTOS/Source/portable/GCC/ARM_CM3/port.o
 .data._impure_ptr
                0x0000000020000028        0x4 e:/nueva carpeta/stm32cubeide_1.5.1/stm32cubeide/plugins/com.st.stm32cube.ide.mcu.externaltools.gnu-tools-for-stm32.7-2018-q2-update.win32_1.5.0.202011040924/tools/bin/../lib/gcc/arm-none-eabi/7.3.1/../../../../arm-none-eabi/lib/thumb/v7-m\libc_nano.a(lib_a-impure.o)
                0x0000000020000028                _impure_ptr
 .data.impure_data
                0x000000002000002c       0x60 e:/nueva carpeta/stm32cubeide_1.5.1/stm32cubeide/plugins/com.st.stm32cube.ide.mcu.externaltools.gnu-tools-for-stm32.7-2018-q2-update.win32_1.5.0.202011040924/tools/bin/../lib/gcc/arm-none-eabi/7.3.1/../../../../arm-none-eabi/lib/thumb/v7-m\libc_nano.a(lib_a-impure.o)
 .data.__global_locale
                0x000000002000008c      0x16c e:/nueva carpeta/stm32cubeide_1.5.1/stm32cubeide/plugins/com.st.stm32cube.ide.mcu.externaltools.gnu-tools-for-stm32.7-2018-q2-update.win32_1.5.0.202011040924/tools/bin/../lib/gcc/arm-none-eabi/7.3.1/../../../../arm-none-eabi/lib/thumb/v7-m\libc_nano.a(lib_a-locale.o)
                0x000000002000008c                __global_locale
                0x00000000200001f8                . = ALIGN (0x4)
                0x00000000200001f8                _edata = .

.igot.plt       0x00000000200001f8        0x0 load address 0x000000000800c2e8
 .igot.plt      0x00000000200001f8        0x0 e:/nueva carpeta/stm32cubeide_1.5.1/stm32cubeide/plugins/com.st.stm32cube.ide.mcu.externaltools.gnu-tools-for-stm32.7-2018-q2-update.win32_1.5.0.202011040924/tools/bin/../lib/gcc/arm-none-eabi/7.3.1/thumb/v7-m/crtbegin.o
                0x00000000200001f8                . = ALIGN (0x4)

.bss            0x00000000200001f8     0x1a70 load address 0x000000000800c2e8
                0x00000000200001f8                _sbss = .
                0x00000000200001f8                __bss_start__ = _sbss
 *(.bss)
 .bss           0x00000000200001f8       0x1c e:/nueva carpeta/stm32cubeide_1.5.1/stm32cubeide/plugins/com.st.stm32cube.ide.mcu.externaltools.gnu-tools-for-stm32.7-2018-q2-update.win32_1.5.0.202011040924/tools/bin/../lib/gcc/arm-none-eabi/7.3.1/thumb/v7-m/crtbegin.o
 *(.bss*)
 .bss.CardType  0x0000000020000214        0x1 Core/Src/fatfs_sd.o
 .bss.PowerFlag
                0x0000000020000215        0x1 Core/Src/fatfs_sd.o
 *fill*         0x0000000020000216        0x2 
 .bss.xIdleTaskTCBBuffer
                0x0000000020000218       0x54 Core/Src/freertos.o
 .bss.xIdleStack
                0x000000002000026c      0x200 Core/Src/freertos.o
 .bss.heap_end.5149
                0x000000002000046c        0x4 Core/Src/sysmem.o
 .bss.FatFs     0x0000000020000470        0x4 Middlewares/Third_Party/FatFs/src/ff.o
 .bss.Fsid      0x0000000020000474        0x2 Middlewares/Third_Party/FatFs/src/ff.o
 *fill*         0x0000000020000476        0x2 
 .bss.Files     0x0000000020000478       0x18 Middlewares/Third_Party/FatFs/src/ff.o
 .bss.disk      0x0000000020000490        0xc Middlewares/Third_Party/FatFs/src/ff_gen_drv.o
                0x0000000020000490                disk
 .bss.pxCurrentTCB
                0x000000002000049c        0x4 Middlewares/Third_Party/FreeRTOS/Source/tasks.o
                0x000000002000049c                pxCurrentTCB
 .bss.pxReadyTasksLists
                0x00000000200004a0       0x8c Middlewares/Third_Party/FreeRTOS/Source/tasks.o
 .bss.xDelayedTaskList1
                0x000000002000052c       0x14 Middlewares/Third_Party/FreeRTOS/Source/tasks.o
 .bss.xDelayedTaskList2
                0x0000000020000540       0x14 Middlewares/Third_Party/FreeRTOS/Source/tasks.o
 .bss.pxDelayedTaskList
                0x0000000020000554        0x4 Middlewares/Third_Party/FreeRTOS/Source/tasks.o
 .bss.pxOverflowDelayedTaskList
                0x0000000020000558        0x4 Middlewares/Third_Party/FreeRTOS/Source/tasks.o
 .bss.xPendingReadyList
                0x000000002000055c       0x14 Middlewares/Third_Party/FreeRTOS/Source/tasks.o
 .bss.xTasksWaitingTermination
                0x0000000020000570       0x14 Middlewares/Third_Party/FreeRTOS/Source/tasks.o
 .bss.uxDeletedTasksWaitingCleanUp
                0x0000000020000584        0x4 Middlewares/Third_Party/FreeRTOS/Source/tasks.o
 .bss.xSuspendedTaskList
                0x0000000020000588       0x14 Middlewares/Third_Party/FreeRTOS/Source/tasks.o
 .bss.uxCurrentNumberOfTasks
                0x000000002000059c        0x4 Middlewares/Third_Party/FreeRTOS/Source/tasks.o
 .bss.xTickCount
                0x00000000200005a0        0x4 Middlewares/Third_Party/FreeRTOS/Source/tasks.o
 .bss.uxTopReadyPriority
                0x00000000200005a4        0x4 Middlewares/Third_Party/FreeRTOS/Source/tasks.o
 .bss.xSchedulerRunning
                0x00000000200005a8        0x4 Middlewares/Third_Party/FreeRTOS/Source/tasks.o
 .bss.uxPendedTicks
                0x00000000200005ac        0x4 Middlewares/Third_Party/FreeRTOS/Source/tasks.o
 .bss.xYieldPending
                0x00000000200005b0        0x4 Middlewares/Third_Party/FreeRTOS/Source/tasks.o
 .bss.xNumOfOverflows
                0x00000000200005b4        0x4 Middlewares/Third_Party/FreeRTOS/Source/tasks.o
 .bss.uxTaskNumber
                0x00000000200005b8        0x4 Middlewares/Third_Party/FreeRTOS/Source/tasks.o
 .bss.xNextTaskUnblockTime
                0x00000000200005bc        0x4 Middlewares/Third_Party/FreeRTOS/Source/tasks.o
 .bss.xIdleTaskHandle
                0x00000000200005c0        0x4 Middlewares/Third_Party/FreeRTOS/Source/tasks.o
 .bss.uxSchedulerSuspended
                0x00000000200005c4        0x4 Middlewares/Third_Party/FreeRTOS/Source/tasks.o
 .bss.ucMaxSysCallPriority
                0x00000000200005c8        0x1 Middlewares/Third_Party/FreeRTOS/Source/portable/GCC/ARM_CM3/port.o
 *fill*         0x00000000200005c9        0x3 
 .bss.ulMaxPRIGROUPValue
                0x00000000200005cc        0x4 Middlewares/Third_Party/FreeRTOS/Source/portable/GCC/ARM_CM3/port.o
 .bss.ucHeap    0x00000000200005d0      0xc00 Middlewares/Third_Party/FreeRTOS/Source/portable/MemMang/heap_4.o
 .bss.xStart    0x00000000200011d0        0x8 Middlewares/Third_Party/FreeRTOS/Source/portable/MemMang/heap_4.o
 .bss.pxEnd     0x00000000200011d8        0x4 Middlewares/Third_Party/FreeRTOS/Source/portable/MemMang/heap_4.o
 .bss.xFreeBytesRemaining
                0x00000000200011dc        0x4 Middlewares/Third_Party/FreeRTOS/Source/portable/MemMang/heap_4.o
 .bss.xMinimumEverFreeBytesRemaining
                0x00000000200011e0        0x4 Middlewares/Third_Party/FreeRTOS/Source/portable/MemMang/heap_4.o
 .bss.xBlockAllocatedBit
                0x00000000200011e4        0x4 Middlewares/Third_Party/FreeRTOS/Source/portable/MemMang/heap_4.o
 .bss.__malloc_free_list
                0x00000000200011e8        0x4 e:/nueva carpeta/stm32cubeide_1.5.1/stm32cubeide/plugins/com.st.stm32cube.ide.mcu.externaltools.gnu-tools-for-stm32.7-2018-q2-update.win32_1.5.0.202011040924/tools/bin/../lib/gcc/arm-none-eabi/7.3.1/../../../../arm-none-eabi/lib/thumb/v7-m\libc_nano.a(lib_a-nano-mallocr.o)
                0x00000000200011e8                __malloc_free_list
 .bss.__malloc_sbrk_start
                0x00000000200011ec        0x4 e:/nueva carpeta/stm32cubeide_1.5.1/stm32cubeide/plugins/com.st.stm32cube.ide.mcu.externaltools.gnu-tools-for-stm32.7-2018-q2-update.win32_1.5.0.202011040924/tools/bin/../lib/gcc/arm-none-eabi/7.3.1/../../../../arm-none-eabi/lib/thumb/v7-m\libc_nano.a(lib_a-nano-mallocr.o)
                0x00000000200011ec                __malloc_sbrk_start
 *(COMMON)
 COMMON         0x00000000200011f0      0x494 Core/Src/File_Handling_RTOS.o
                0x00000000200011f0                fre_clust
                0x00000000200011f4                fno
                0x000000002000120c                fs
                0x0000000020001440                br
                0x0000000020001444                free_space
                0x0000000020001448                bw
                0x000000002000144c                pfs
                0x0000000020001450                fresult
                0x0000000020001454                total
                0x0000000020001458                fil
 COMMON         0x0000000020001684       0xf0 Core/Src/main.o
                0x0000000020001684                SDCARD_Task_Hnadler
                0x0000000020001688                huart3
                0x00000000200016c8                htim3
                0x0000000020001708                Delta
                0x000000002000170c                Valor_act
                0x0000000020001710                DHT_SEM
                0x0000000020001714                Valor_ant
                0x0000000020001718                hspi1
                0x0000000020001770                ENCONDER_Task_Hnadler
 COMMON         0x0000000020001774       0x40 Core/Src/stm32f1xx_hal_timebase_tim.o
                0x0000000020001774                htim4
 COMMON         0x00000000200017b4        0x2 Core/Src/stm32f1xx_it.o
                0x00000000200017b4                Timer2
                0x00000000200017b5                Timer1
 *fill*         0x00000000200017b6        0x2 
 COMMON         0x00000000200017b8        0x4 Drivers/STM32F1xx_HAL_Driver/Src/stm32f1xx_hal.o
                0x00000000200017b8                uwTick
 COMMON         0x00000000200017bc      0x468 FATFS/App/fatfs.o
                0x00000000200017bc                USERPath
                0x00000000200017c0                retUSER
                0x00000000200017c4                USERFile
                0x00000000200019f0                USERFatFS
 COMMON         0x0000000020001c24       0x40 Middlewares/Third_Party/FreeRTOS/Source/queue.o
                0x0000000020001c24                xQueueRegistry
 COMMON         0x0000000020001c64        0x4 e:/nueva carpeta/stm32cubeide_1.5.1/stm32cubeide/plugins/com.st.stm32cube.ide.mcu.externaltools.gnu-tools-for-stm32.7-2018-q2-update.win32_1.5.0.202011040924/tools/bin/../lib/gcc/arm-none-eabi/7.3.1/../../../../arm-none-eabi/lib/thumb/v7-m\libc_nano.a(lib_a-reent.o)
                0x0000000020001c64                errno
                0x0000000020001c68                . = ALIGN (0x4)
                0x0000000020001c68                _ebss = .
                0x0000000020001c68                __bss_end__ = _ebss

._user_heap_stack
                0x0000000020001c68      0x600 load address 0x000000000800c2e8
                0x0000000020001c68                . = ALIGN (0x8)
                0x0000000020001c68                PROVIDE (end = .)
                [!provide]                        PROVIDE (_end = .)
                0x0000000020001e68                . = (. + _Min_Heap_Size)
 *fill*         0x0000000020001c68      0x200 
                0x0000000020002268                . = (. + _Min_Stack_Size)
 *fill*         0x0000000020001e68      0x400 
                0x0000000020002268                . = ALIGN (0x8)

/DISCARD/
 libc.a(*)
 libm.a(*)
 libgcc.a(*)

.ARM.attributes
                0x0000000000000000       0x29
 *(.ARM.attributes)
 .ARM.attributes
                0x0000000000000000       0x1d e:/nueva carpeta/stm32cubeide_1.5.1/stm32cubeide/plugins/com.st.stm32cube.ide.mcu.externaltools.gnu-tools-for-stm32.7-2018-q2-update.win32_1.5.0.202011040924/tools/bin/../lib/gcc/arm-none-eabi/7.3.1/thumb/v7-m/crti.o
 .ARM.attributes
                0x000000000000001d       0x2d e:/nueva carpeta/stm32cubeide_1.5.1/stm32cubeide/plugins/com.st.stm32cube.ide.mcu.externaltools.gnu-tools-for-stm32.7-2018-q2-update.win32_1.5.0.202011040924/tools/bin/../lib/gcc/arm-none-eabi/7.3.1/thumb/v7-m/crtbegin.o
 .ARM.attributes
                0x000000000000004a       0x33 Core/Src/File_Handling_RTOS.o
 .ARM.attributes
                0x000000000000007d       0x33 Core/Src/fatfs_sd.o
 .ARM.attributes
                0x00000000000000b0       0x33 Core/Src/freertos.o
 .ARM.attributes
                0x00000000000000e3       0x33 Core/Src/main.o
 .ARM.attributes
                0x0000000000000116       0x33 Core/Src/stm32f1xx_hal_msp.o
 .ARM.attributes
                0x0000000000000149       0x33 Core/Src/stm32f1xx_hal_timebase_tim.o
 .ARM.attributes
                0x000000000000017c       0x33 Core/Src/stm32f1xx_it.o
 .ARM.attributes
                0x00000000000001af       0x33 Core/Src/sysmem.o
 .ARM.attributes
                0x00000000000001e2       0x33 Core/Src/system_stm32f1xx.o
 .ARM.attributes
                0x0000000000000215       0x21 Core/Startup/startup_stm32f103c8tx.o
 .ARM.attributes
                0x0000000000000236       0x33 Drivers/STM32F1xx_HAL_Driver/Src/stm32f1xx_hal.o
 .ARM.attributes
                0x0000000000000269       0x33 Drivers/STM32F1xx_HAL_Driver/Src/stm32f1xx_hal_cortex.o
 .ARM.attributes
                0x000000000000029c       0x33 Drivers/STM32F1xx_HAL_Driver/Src/stm32f1xx_hal_gpio.o
 .ARM.attributes
                0x00000000000002cf       0x33 Drivers/STM32F1xx_HAL_Driver/Src/stm32f1xx_hal_rcc.o
 .ARM.attributes
                0x0000000000000302       0x33 Drivers/STM32F1xx_HAL_Driver/Src/stm32f1xx_hal_spi.o
 .ARM.attributes
                0x0000000000000335       0x33 Drivers/STM32F1xx_HAL_Driver/Src/stm32f1xx_hal_tim.o
 .ARM.attributes
                0x0000000000000368       0x33 Drivers/STM32F1xx_HAL_Driver/Src/stm32f1xx_hal_tim_ex.o
 .ARM.attributes
                0x000000000000039b       0x33 Drivers/STM32F1xx_HAL_Driver/Src/stm32f1xx_hal_uart.o
 .ARM.attributes
                0x00000000000003ce       0x33 FATFS/App/fatfs.o
 .ARM.attributes
                0x0000000000000401       0x33 FATFS/Target/user_diskio.o
 .ARM.attributes
                0x0000000000000434       0x33 Middlewares/Third_Party/FatFs/src/diskio.o
 .ARM.attributes
                0x0000000000000467       0x33 Middlewares/Third_Party/FatFs/src/ff.o
 .ARM.attributes
                0x000000000000049a       0x33 Middlewares/Third_Party/FatFs/src/ff_gen_drv.o
 .ARM.attributes
                0x00000000000004cd       0x33 Middlewares/Third_Party/FatFs/src/option/syscall.o
 .ARM.attributes
                0x0000000000000500       0x33 Middlewares/Third_Party/FreeRTOS/Source/CMSIS_RTOS/cmsis_os.o
 .ARM.attributes
                0x0000000000000533       0x33 Middlewares/Third_Party/FreeRTOS/Source/list.o
 .ARM.attributes
                0x0000000000000566       0x33 Middlewares/Third_Party/FreeRTOS/Source/queue.o
 .ARM.attributes
                0x0000000000000599       0x33 Middlewares/Third_Party/FreeRTOS/Source/tasks.o
 .ARM.attributes
                0x00000000000005cc       0x33 Middlewares/Third_Party/FreeRTOS/Source/portable/GCC/ARM_CM3/port.o
 .ARM.attributes
                0x00000000000005ff       0x33 Middlewares/Third_Party/FreeRTOS/Source/portable/MemMang/heap_4.o
 .ARM.attributes
                0x0000000000000632       0x2d e:/nueva carpeta/stm32cubeide_1.5.1/stm32cubeide/plugins/com.st.stm32cube.ide.mcu.externaltools.gnu-tools-for-stm32.7-2018-q2-update.win32_1.5.0.202011040924/tools/bin/../lib/gcc/arm-none-eabi/7.3.1/../../../../arm-none-eabi/lib/thumb/v7-m\libc_nano.a(lib_a-errno.o)
 .ARM.attributes
                0x000000000000065f       0x2d e:/nueva carpeta/stm32cubeide_1.5.1/stm32cubeide/plugins/com.st.stm32cube.ide.mcu.externaltools.gnu-tools-for-stm32.7-2018-q2-update.win32_1.5.0.202011040924/tools/bin/../lib/gcc/arm-none-eabi/7.3.1/../../../../arm-none-eabi/lib/thumb/v7-m\libc_nano.a(lib_a-impure.o)
 .ARM.attributes
                0x000000000000068c       0x2d e:/nueva carpeta/stm32cubeide_1.5.1/stm32cubeide/plugins/com.st.stm32cube.ide.mcu.externaltools.gnu-tools-for-stm32.7-2018-q2-update.win32_1.5.0.202011040924/tools/bin/../lib/gcc/arm-none-eabi/7.3.1/../../../../arm-none-eabi/lib/thumb/v7-m\libc_nano.a(lib_a-init.o)
 .ARM.attributes
                0x00000000000006b9       0x2d e:/nueva carpeta/stm32cubeide_1.5.1/stm32cubeide/plugins/com.st.stm32cube.ide.mcu.externaltools.gnu-tools-for-stm32.7-2018-q2-update.win32_1.5.0.202011040924/tools/bin/../lib/gcc/arm-none-eabi/7.3.1/../../../../arm-none-eabi/lib/thumb/v7-m\libc_nano.a(lib_a-memcpy-stub.o)
 .ARM.attributes
                0x00000000000006e6       0x2d e:/nueva carpeta/stm32cubeide_1.5.1/stm32cubeide/plugins/com.st.stm32cube.ide.mcu.externaltools.gnu-tools-for-stm32.7-2018-q2-update.win32_1.5.0.202011040924/tools/bin/../lib/gcc/arm-none-eabi/7.3.1/../../../../arm-none-eabi/lib/thumb/v7-m\libc_nano.a(lib_a-memset.o)
 .ARM.attributes
                0x0000000000000713       0x2d e:/nueva carpeta/stm32cubeide_1.5.1/stm32cubeide/plugins/com.st.stm32cube.ide.mcu.externaltools.gnu-tools-for-stm32.7-2018-q2-update.win32_1.5.0.202011040924/tools/bin/../lib/gcc/arm-none-eabi/7.3.1/../../../../arm-none-eabi/lib/thumb/v7-m\libc_nano.a(lib_a-nano-vfprintf_float.o)
 .ARM.attributes
                0x0000000000000740       0x2d e:/nueva carpeta/stm32cubeide_1.5.1/stm32cubeide/plugins/com.st.stm32cube.ide.mcu.externaltools.gnu-tools-for-stm32.7-2018-q2-update.win32_1.5.0.202011040924/tools/bin/../lib/gcc/arm-none-eabi/7.3.1/../../../../arm-none-eabi/lib/thumb/v7-m\libc_nano.a(lib_a-nano-vfprintf_i.o)
 .ARM.attributes
                0x000000000000076d       0x2d e:/nueva carpeta/stm32cubeide_1.5.1/stm32cubeide/plugins/com.st.stm32cube.ide.mcu.externaltools.gnu-tools-for-stm32.7-2018-q2-update.win32_1.5.0.202011040924/tools/bin/../lib/gcc/arm-none-eabi/7.3.1/../../../../arm-none-eabi/lib/thumb/v7-m\libc_nano.a(lib_a-sprintf.o)
 .ARM.attributes